05:11:16: User layout: https://editor.keyboard-tools.xyz/#share=NobwRAhgrgLgFgewE5gFwAIwCkIGMDWYANJgHYQC2ApmpjgegMJQDOMCF6ADruvlQE8ARgghIAJmAC+RAFDAwABiKLi6cAA9aigHQAmAKwzMygIxqlRPReUBmG0QAsazdv1GSlgw4BsDgOwOABwuYFoYuobGlgCcDqaqnmbmSUSm1iSuEe7RZs6ppt4FfgWBALpyCqYqFtUpmNUZDUT2ntX5zUXNJc2BbUQh-XH9CbVp9WB1TeAA7rR60XWtzYVjpj2TaeWVs7SmOh6YejWexxPHTWDHy1dOFsddtxvHfUcD90TDb6On4x-poTmGH2h1uphuZ0eZ2eWzAFXku2BOn8oNsJ0waImaMuaJuaI6YDRjzRGzRr0J708aK+FJ+GL+mTAQPQehyVLS9nhoCZ8zZmEc6LAAsuApuAoJAseAo2AvJAsG-M+FgFdKFDPUPIwrJR0RVyyy6H2C08Kr8XMRhr5YAM6ItRtBNvqdqtNummvQPhdRB6zqinkdiQ1zPt0UdTvdIf9aTdwa94NC4XQkVDaUejo2jvKZSAA
05:11:16: Labels prefixes: for rows: 'ROW', for columns: 'COL'
05:11:16: Matrix size: 5x17
05:11:17: No stabilizer footprint for width 2.25u, using 2u as fallback
05:11:17: No stabilizer footprint for width 2.25u, using 2u as fallback
05:11:17: No stabilizer footprint for width 2.75u, using 2u as fallback
05:11:18: Add COL0 net
05:11:18: Add COL1 net
05:11:18: Add COL10 net
05:11:18: Add COL11 net
05:11:18: Add COL12 net
05:11:18: Add COL13 net
05:11:18: Add COL14 net
05:11:18: Add COL15 net
05:11:18: Add COL16 net
05:11:18: Add COL17 net
05:11:18: Add COL2 net
05:11:18: Add COL3 net
05:11:18: Add COL4 net
05:11:18: Add COL5 net
05:11:18: Add COL6 net
05:11:18: Add COL7 net
05:11:18: Add COL8 net
05:11:18: Add COL9 net
05:11:18: Add GND net
05:11:18: Add LEDIN net
05:11:18: Add LEDOUT net
05:11:18: Add Net-(D1-A) net
05:11:18: Add Net-(D10-A) net
05:11:18: Add Net-(D11-A) net
05:11:18: Add Net-(D12-A) net
05:11:18: Add Net-(D13-A) net
05:11:18: Add Net-(D14-A) net
05:11:18: Add Net-(D15-A) net
05:11:18: Add Net-(D16-A) net
05:11:18: Add Net-(D17-A) net
05:11:18: Add Net-(D18-A) net
05:11:18: Add Net-(D19-A) net
05:11:18: Add Net-(D2-A) net
05:11:18: Add Net-(D20-A) net
05:11:18: Add Net-(D21-A) net
05:11:18: Add Net-(D22-A) net
05:11:18: Add Net-(D23-A) net
05:11:18: Add Net-(D24-A) net
05:11:18: Add Net-(D25-A) net
05:11:18: Add Net-(D26-A) net
05:11:18: Add Net-(D27-A) net
05:11:18: Add Net-(D28-A) net
05:11:18: Add Net-(D29-A) net
05:11:18: Add Net-(D3-A) net
05:11:18: Add Net-(D30-A) net
05:11:18: Add Net-(D31-A) net
05:11:18: Add Net-(D32-A) net
05:11:18: Add Net-(D33-A) net
05:11:18: Add Net-(D34-A) net
05:11:18: Add Net-(D35-A) net
05:11:18: Add Net-(D36-A) net
05:11:18: Add Net-(D37-A) net
05:11:18: Add Net-(D38-A) net
05:11:18: Add Net-(D39-A) net
05:11:18: Add Net-(D4-A) net
05:11:18: Add Net-(D40-A) net
05:11:18: Add Net-(D41-A) net
05:11:18: Add Net-(D42-A) net
05:11:18: Add Net-(D43-A) net
05:11:18: Add Net-(D44-A) net
05:11:18: Add Net-(D45-A) net
05:11:18: Add Net-(D46-A) net
05:11:18: Add Net-(D47-A) net
05:11:18: Add Net-(D48-A) net
05:11:18: Add Net-(D49-A) net
05:11:18: Add Net-(D5-A) net
05:11:18: Add Net-(D50-A) net
05:11:18: Add Net-(D51-A) net
05:11:18: Add Net-(D52-A) net
05:11:18: Add Net-(D53-A) net
05:11:18: Add Net-(D54-A) net
05:11:18: Add Net-(D55-A) net
05:11:18: Add Net-(D56-A) net
05:11:18: Add Net-(D57-A) net
05:11:18: Add Net-(D58-A) net
05:11:18: Add Net-(D59-A) net
05:11:18: Add Net-(D6-A) net
05:11:18: Add Net-(D60-A) net
05:11:18: Add Net-(D61-A) net
05:11:18: Add Net-(D62-A) net
05:11:18: Add Net-(D63-A) net
05:11:18: Add Net-(D64-A) net
05:11:18: Add Net-(D65-A) net
05:11:18: Add Net-(D66-A) net
05:11:18: Add Net-(D67-A) net
05:11:18: Add Net-(D68-A) net
05:11:18: Add Net-(D69-A) net
05:11:18: Add Net-(D7-A) net
05:11:18: Add Net-(D70-A) net
05:11:18: Add Net-(D71-A) net
05:11:18: Add Net-(D72-A) net
05:11:18: Add Net-(D73-A) net
05:11:18: Add Net-(D74-A) net
05:11:18: Add Net-(D75-A) net
05:11:18: Add Net-(D76-A) net
05:11:18: Add Net-(D77-A) net
05:11:18: Add Net-(D78-A) net
05:11:18: Add Net-(D79-A) net
05:11:18: Add Net-(D8-A) net
05:11:18: Add Net-(D80-A) net
05:11:18: Add Net-(D81-A) net
05:11:18: Add Net-(D82-A) net
05:11:18: Add Net-(D83-A) net
05:11:18: Add Net-(D84-A) net
05:11:18: Add Net-(D85-A) net
05:11:18: Add Net-(D86-A) net
05:11:18: Add Net-(D87-A) net
05:11:18: Add Net-(D88-A) net
05:11:18: Add Net-(D9-A) net
05:11:18: Add Net-(LED1-DOUT) net
05:11:18: Add Net-(LED10-DIN) net
05:11:18: Add Net-(LED10-DOUT) net
05:11:18: Add Net-(LED11-DOUT) net
05:11:18: Add Net-(LED12-DOUT) net
05:11:18: Add Net-(LED13-DOUT) net
05:11:18: Add Net-(LED14-DOUT) net
05:11:18: Add Net-(LED15-DOUT) net
05:11:18: Add Net-(LED16-DOUT) net
05:11:18: Add Net-(LED17-DOUT) net
05:11:18: Add Net-(LED18-DOUT) net
05:11:18: Add Net-(LED19-DOUT) net
05:11:18: Add Net-(LED2-DOUT) net
05:11:18: Add Net-(LED20-DOUT) net
05:11:18: Add Net-(LED21-DOUT) net
05:11:18: Add Net-(LED22-DOUT) net
05:11:18: Add Net-(LED23-DOUT) net
05:11:18: Add Net-(LED24-DOUT) net
05:11:18: Add Net-(LED25-DOUT) net
05:11:18: Add Net-(LED26-DOUT) net
05:11:18: Add Net-(LED27-DOUT) net
05:11:18: Add Net-(LED28-DOUT) net
05:11:18: Add Net-(LED29-DOUT) net
05:11:18: Add Net-(LED3-DOUT) net
05:11:18: Add Net-(LED30-DOUT) net
05:11:18: Add Net-(LED31-DOUT) net
05:11:18: Add Net-(LED32-DOUT) net
05:11:18: Add Net-(LED33-DOUT) net
05:11:18: Add Net-(LED34-DOUT) net
05:11:18: Add Net-(LED35-DOUT) net
05:11:18: Add Net-(LED36-DOUT) net
05:11:18: Add Net-(LED37-DOUT) net
05:11:18: Add Net-(LED38-DOUT) net
05:11:18: Add Net-(LED39-DOUT) net
05:11:18: Add Net-(LED4-DOUT) net
05:11:18: Add Net-(LED40-DOUT) net
05:11:18: Add Net-(LED41-DOUT) net
05:11:18: Add Net-(LED42-DOUT) net
05:11:18: Add Net-(LED43-DOUT) net
05:11:18: Add Net-(LED44-DOUT) net
05:11:18: Add Net-(LED45-DOUT) net
05:11:18: Add Net-(LED46-DOUT) net
05:11:18: Add Net-(LED47-DOUT) net
05:11:18: Add Net-(LED48-DOUT) net
05:11:18: Add Net-(LED49-DOUT) net
05:11:18: Add Net-(LED5-DOUT) net
05:11:18: Add Net-(LED50-DOUT) net
05:11:18: Add Net-(LED51-DOUT) net
05:11:18: Add Net-(LED52-DOUT) net
05:11:18: Add Net-(LED53-DOUT) net
05:11:18: Add Net-(LED54-DOUT) net
05:11:18: Add Net-(LED55-DOUT) net
05:11:18: Add Net-(LED56-DOUT) net
05:11:18: Add Net-(LED57-DOUT) net
05:11:18: Add Net-(LED58-DOUT) net
05:11:18: Add Net-(LED59-DOUT) net
05:11:18: Add Net-(LED6-DOUT) net
05:11:18: Add Net-(LED60-DOUT) net
05:11:18: Add Net-(LED61-DOUT) net
05:11:18: Add Net-(LED62-DOUT) net
05:11:18: Add Net-(LED63-DOUT) net
05:11:18: Add Net-(LED64-DOUT) net
05:11:18: Add Net-(LED65-DOUT) net
05:11:18: Add Net-(LED66-DOUT) net
05:11:18: Add Net-(LED67-DOUT) net
05:11:18: Add Net-(LED68-DOUT) net
05:11:18: Add Net-(LED69-DOUT) net
05:11:18: Add Net-(LED7-DOUT) net
05:11:18: Add Net-(LED70-DOUT) net
05:11:18: Add Net-(LED71-DOUT) net
05:11:18: Add Net-(LED72-DOUT) net
05:11:18: Add Net-(LED73-DOUT) net
05:11:18: Add Net-(LED74-DOUT) net
05:11:18: Add Net-(LED75-DOUT) net
05:11:18: Add Net-(LED76-DOUT) net
05:11:18: Add Net-(LED77-DOUT) net
05:11:18: Add Net-(LED78-DOUT) net
05:11:18: Add Net-(LED79-DOUT) net
05:11:18: Add Net-(LED8-DOUT) net
05:11:18: Add Net-(LED80-DOUT) net
05:11:18: Add Net-(LED81-DOUT) net
05:11:18: Add Net-(LED82-DOUT) net
05:11:18: Add Net-(LED83-DOUT) net
05:11:18: Add Net-(LED84-DOUT) net
05:11:18: Add Net-(LED85-DOUT) net
05:11:18: Add Net-(LED86-DOUT) net
05:11:18: Add Net-(LED87-DOUT) net
05:11:18: Add ROW0 net
05:11:18: Add ROW1 net
05:11:18: Add ROW2 net
05:11:18: Add ROW3 net
05:11:18: Add ROW4 net
05:11:18: Add ROW5 net
05:11:18: Add VCC net
05:11:18: Add SW1 footprint
05:11:18: Add D1 footprint
05:11:18: Add LED1 footprint
05:11:18: Add C1 footprint
05:11:18: Add SW2 footprint
05:11:18: Add D2 footprint
05:11:18: Add LED2 footprint
05:11:18: Add C2 footprint
05:11:18: Add SW3 footprint
05:11:18: Add D3 footprint
05:11:18: Add LED3 footprint
05:11:18: Add C3 footprint
05:11:18: Add SW4 footprint
05:11:18: Add D4 footprint
05:11:18: Add LED4 footprint
05:11:18: Add C4 footprint
05:11:18: Add SW5 footprint
05:11:18: Add D5 footprint
05:11:18: Add LED5 footprint
05:11:18: Add C5 footprint
05:11:18: Add SW6 footprint
05:11:18: Add D6 footprint
05:11:18: Add LED6 footprint
05:11:18: Add C6 footprint
05:11:18: Add SW7 footprint
05:11:18: Add D7 footprint
05:11:18: Add LED7 footprint
05:11:18: Add C7 footprint
05:11:18: Add SW8 footprint
05:11:18: Add D8 footprint
05:11:19: Add LED8 footprint
05:11:19: Add C8 footprint
05:11:19: Add SW9 footprint
05:11:19: Add D9 footprint
05:11:19: Add LED9 footprint
05:11:19: Add C9 footprint
05:11:19: Add SW10 footprint
05:11:19: Add D10 footprint
05:11:19: Add LED10 footprint
05:11:19: Add C10 footprint
05:11:19: Add SW11 footprint
05:11:19: Add D11 footprint
05:11:19: Add LED11 footprint
05:11:19: Add C11 footprint
05:11:19: Add SW12 footprint
05:11:19: Add D12 footprint
05:11:19: Add LED12 footprint
05:11:19: Add C12 footprint
05:11:19: Add SW13 footprint
05:11:19: Add D13 footprint
05:11:19: Add LED13 footprint
05:11:19: Add C13 footprint
05:11:19: Add SW14 footprint
05:11:19: Add D14 footprint
05:11:19: Add LED14 footprint
05:11:19: Add C14 footprint
05:11:19: Add SW15 footprint
05:11:19: Add D15 footprint
05:11:19: Add LED15 footprint
05:11:19: Add C15 footprint
05:11:19: Add SW16 footprint
05:11:19: Add D16 footprint
05:11:19: Add LED16 footprint
05:11:19: Add C16 footprint
05:11:19: Add SW17 footprint
05:11:19: Add D17 footprint
05:11:19: Add LED17 footprint
05:11:19: Add C17 footprint
05:11:20: Add SW18 footprint
05:11:20: Add D18 footprint
05:11:20: Add LED18 footprint
05:11:20: Add C18 footprint
05:11:20: Add SW19 footprint
05:11:20: Add D19 footprint
05:11:20: Add LED19 footprint
05:11:20: Add C19 footprint
05:11:20: Add SW20 footprint
05:11:20: Add D20 footprint
05:11:20: Add LED20 footprint
05:11:20: Add C20 footprint
05:11:20: Add SW21 footprint
05:11:20: Add D21 footprint
05:11:20: Add LED21 footprint
05:11:20: Add C21 footprint
05:11:20: Add SW22 footprint
05:11:20: Add D22 footprint
05:11:20: Add LED22 footprint
05:11:20: Add C22 footprint
05:11:20: Add SW23 footprint
05:11:20: Add D23 footprint
05:11:20: Add LED23 footprint
05:11:20: Add C23 footprint
05:11:20: Add SW24 footprint
05:11:20: Add D24 footprint
05:11:20: Add LED24 footprint
05:11:20: Add C24 footprint
05:11:20: Add SW25 footprint
05:11:20: Add D25 footprint
05:11:20: Add LED25 footprint
05:11:20: Add C25 footprint
05:11:20: Add SW26 footprint
05:11:20: Add D26 footprint
05:11:20: Add LED26 footprint
05:11:20: Add C26 footprint
05:11:20: Add SW27 footprint
05:11:20: Add D27 footprint
05:11:20: Add LED27 footprint
05:11:20: Add C27 footprint
05:11:20: Add SW28 footprint
05:11:20: Add D28 footprint
05:11:20: Add LED28 footprint
05:11:21: Add C28 footprint
05:11:21: Add SW29 footprint
05:11:21: Add D29 footprint
05:11:21: Add LED29 footprint
05:11:21: Add C29 footprint
05:11:21: Add SW30 footprint
05:11:21: Add D30 footprint
05:11:21: Add LED30 footprint
05:11:21: Add C30 footprint
05:11:21: Add SW31 footprint
05:11:21: Add D31 footprint
05:11:21: Add ST31 footprint
05:11:21: Add LED31 footprint
05:11:21: Add C31 footprint
05:11:21: Add SW32 footprint
05:11:21: Add D32 footprint
05:11:21: Add LED32 footprint
05:11:21: Add C32 footprint
05:11:21: Add SW33 footprint
05:11:21: Add D33 footprint
05:11:21: Add LED33 footprint
05:11:21: Add C33 footprint
05:11:21: Add SW34 footprint
05:11:21: Add D34 footprint
05:11:21: Add LED34 footprint
05:11:21: Add C34 footprint
05:11:21: Add SW35 footprint
05:11:21: Add D35 footprint
05:11:21: Add LED35 footprint
05:11:21: Add C35 footprint
05:11:21: Add SW36 footprint
05:11:21: Add D36 footprint
05:11:21: Add LED36 footprint
05:11:21: Add C36 footprint
05:11:21: Add SW37 footprint
05:11:21: Add D37 footprint
05:11:21: Add LED37 footprint
05:11:21: Add C37 footprint
05:11:21: Add SW38 footprint
05:11:21: Add D38 footprint
05:11:21: Add LED38 footprint
05:11:21: Add C38 footprint
05:11:21: Add SW39 footprint
05:11:21: Add D39 footprint
05:11:22: Add LED39 footprint
05:11:22: Add C39 footprint
05:11:22: Add SW40 footprint
05:11:22: Add D40 footprint
05:11:22: Add LED40 footprint
05:11:22: Add C40 footprint
05:11:22: Add SW41 footprint
05:11:22: Add D41 footprint
05:11:22: Add LED41 footprint
05:11:22: Add C41 footprint
05:11:22: Add SW42 footprint
05:11:22: Add D42 footprint
05:11:22: Add LED42 footprint
05:11:22: Add C42 footprint
05:11:22: Add SW43 footprint
05:11:22: Add D43 footprint
05:11:22: Add LED43 footprint
05:11:22: Add C43 footprint
05:11:22: Add SW44 footprint
05:11:22: Add D44 footprint
05:11:22: Add LED44 footprint
05:11:22: Add C44 footprint
05:11:22: Add SW45 footprint
05:11:22: Add D45 footprint
05:11:22: Add LED45 footprint
05:11:22: Add C45 footprint
05:11:22: Add SW46 footprint
05:11:22: Add D46 footprint
05:11:22: Add LED46 footprint
05:11:22: Add C46 footprint
05:11:22: Add SW47 footprint
05:11:22: Add D47 footprint
05:11:22: Add LED47 footprint
05:11:22: Add C47 footprint
05:11:22: Add SW48 footprint
05:11:22: Add D48 footprint
05:11:22: Add LED48 footprint
05:11:22: Add C48 footprint
05:11:22: Add SW49 footprint
05:11:22: Add D49 footprint
05:11:22: Add LED49 footprint
05:11:23: Add C49 footprint
05:11:23: Add SW50 footprint
05:11:23: Add D50 footprint
05:11:23: Add LED50 footprint
05:11:23: Add C50 footprint
05:11:23: Add SW51 footprint
05:11:23: Add D51 footprint
05:11:23: Add LED51 footprint
05:11:23: Add C51 footprint
05:11:23: Add SW52 footprint
05:11:23: Add D52 footprint
05:11:23: Add LED52 footprint
05:11:23: Add C52 footprint
05:11:23: Add SW53 footprint
05:11:23: Add D53 footprint
05:11:23: Add LED53 footprint
05:11:23: Add C53 footprint
05:11:23: Add SW54 footprint
05:11:23: Add D54 footprint
05:11:23: Add LED54 footprint
05:11:23: Add C54 footprint
05:11:23: Add SW55 footprint
05:11:23: Add D55 footprint
05:11:23: Add LED55 footprint
05:11:23: Add C55 footprint
05:11:23: Add SW56 footprint
05:11:23: Add D56 footprint
05:11:23: Add LED56 footprint
05:11:23: Add C56 footprint
05:11:23: Add SW57 footprint
05:11:23: Add D57 footprint
05:11:23: Add LED57 footprint
05:11:23: Add C57 footprint
05:11:23: Add SW58 footprint
05:11:23: Add D58 footprint
05:11:23: Add LED58 footprint
05:11:23: Add C58 footprint
05:11:23: Add SW59 footprint
05:11:23: Add D59 footprint
05:11:23: Add LED59 footprint
05:11:23: Add C59 footprint
05:11:23: Add SW60 footprint
05:11:23: Add D60 footprint
05:11:24: Add LED60 footprint
05:11:24: Add C60 footprint
05:11:24: Add SW61 footprint
05:11:24: Add D61 footprint
05:11:24: Add LED61 footprint
05:11:24: Add C61 footprint
05:11:24: Add SW62 footprint
05:11:24: Add D62 footprint
05:11:24: Add LED62 footprint
05:11:24: Add C62 footprint
05:11:24: Add SW63 footprint
05:11:24: Add D63 footprint
05:11:24: Add LED63 footprint
05:11:24: Add C63 footprint
05:11:24: Add SW64 footprint
05:11:24: Add D64 footprint
05:11:24: No stabilizer footprint for width 2.25u, using 2u as fallback
05:11:24: Add ST64 footprint
05:11:24: Add LED64 footprint
05:11:24: Add C64 footprint
05:11:24: Add SW65 footprint
05:11:24: Add D65 footprint
05:11:24: No stabilizer footprint for width 2.25u, using 2u as fallback
05:11:24: Add ST65 footprint
05:11:24: Add LED65 footprint
05:11:24: Add C65 footprint
05:11:24: Add SW66 footprint
05:11:24: Add D66 footprint
05:11:24: Add LED66 footprint
05:11:24: Add C66 footprint
05:11:24: Add SW67 footprint
05:11:24: Add D67 footprint
05:11:24: Add LED67 footprint
05:11:24: Add C67 footprint
05:11:24: Add SW68 footprint
05:11:24: Add D68 footprint
05:11:24: Add LED68 footprint
05:11:24: Add C68 footprint
05:11:24: Add SW69 footprint
05:11:24: Add D69 footprint
05:11:24: Add LED69 footprint
05:11:24: Add C69 footprint
05:11:24: Add SW70 footprint
05:11:24: Add D70 footprint
05:11:24: Add LED70 footprint
05:11:25: Add C70 footprint
05:11:25: Add SW71 footprint
05:11:25: Add D71 footprint
05:11:25: Add LED71 footprint
05:11:25: Add C71 footprint
05:11:25: Add SW72 footprint
05:11:25: Add D72 footprint
05:11:25: Add LED72 footprint
05:11:25: Add C72 footprint
05:11:25: Add SW73 footprint
05:11:25: Add D73 footprint
05:11:25: Add LED73 footprint
05:11:25: Add C73 footprint
05:11:25: Add SW74 footprint
05:11:25: Add D74 footprint
05:11:25: Add LED74 footprint
05:11:25: Add C74 footprint
05:11:25: Add SW75 footprint
05:11:25: Add D75 footprint
05:11:25: Add LED75 footprint
05:11:25: Add C75 footprint
05:11:25: Add SW76 footprint
05:11:25: Add D76 footprint
05:11:25: No stabilizer footprint for width 2.75u, using 2u as fallback
05:11:25: Add ST76 footprint
05:11:25: Add LED76 footprint
05:11:25: Add C76 footprint
05:11:25: Add SW77 footprint
05:11:25: Add D77 footprint
05:11:25: Add LED77 footprint
05:11:25: Add C77 footprint
05:11:25: Add SW78 footprint
05:11:25: Add D78 footprint
05:11:25: Add LED78 footprint
05:11:25: Add C78 footprint
05:11:25: Add SW79 footprint
05:11:25: Add D79 footprint
05:11:25: Add LED79 footprint
05:11:25: Add C79 footprint
05:11:25: Add SW80 footprint
05:11:25: Add D80 footprint
05:11:25: Add LED80 footprint
05:11:25: Add C80 footprint
05:11:25: Add SW81 footprint
05:11:25: Add D81 footprint
05:11:25: Add ST81 footprint
05:11:26: Add LED81 footprint
05:11:26: Add C81 footprint
05:11:26: Add SW82 footprint
05:11:26: Add D82 footprint
05:11:26: Add LED82 footprint
05:11:26: Add C82 footprint
05:11:26: Add SW83 footprint
05:11:26: Add D83 footprint
05:11:26: Add LED83 footprint
05:11:26: Add C83 footprint
05:11:26: Add SW84 footprint
05:11:26: Add D84 footprint
05:11:26: Add LED84 footprint
05:11:26: Add C84 footprint
05:11:26: Add SW85 footprint
05:11:26: Add D85 footprint
05:11:26: Add LED85 footprint
05:11:26: Add C85 footprint
05:11:26: Add SW86 footprint
05:11:26: Add D86 footprint
05:11:26: Add LED86 footprint
05:11:26: Add C86 footprint
05:11:26: Add SW87 footprint
05:11:26: Add D87 footprint
05:11:26: Add LED87 footprint
05:11:26: Add C87 footprint
05:11:26: Add SW88 footprint
05:11:26: Add D88 footprint
05:11:26: Add LED88 footprint
05:11:26: Add C88 footprint
05:11:26: Detected layout convertible to matrix annotated keyboard
05:11:26: Using key 1U distance: (19.05, 19.05) mm
05:11:26: Layout offset: (-9525000, -9525000)
05:11:26: Diode info: [ElementInfo(annotation_format='D{}', position_option=<PositionOption.CUSTOM: 'Custom'>, position=ElementPosition(x=5.08, y=4.0, orientation=90.0, side=<Side.BACK: 'Back'>), template_path='', start_index=-1)]
05:11:26: Placing additional elements for SW88
05:11:26: Placing additional elements for SW87
05:11:26: Placing additional elements for SW86
05:11:26: Placing additional elements for SW85
05:11:26: Placing additional elements for SW84
05:11:26: Placing additional elements for SW83
05:11:26: Placing additional elements for SW82
05:11:26: Placing additional elements for SW81
05:11:26: Placing additional elements for SW80
05:11:26: Placing additional elements for SW79
05:11:26: Placing additional elements for SW78
05:11:26: Placing additional elements for SW77
05:11:26: Placing additional elements for SW76
05:11:26: Placing additional elements for SW75
05:11:26: Placing additional elements for SW74
05:11:26: Placing additional elements for SW73
05:11:26: Placing additional elements for SW72
05:11:26: Placing additional elements for SW71
05:11:26: Placing additional elements for SW70
05:11:26: Placing additional elements for SW69
05:11:26: Placing additional elements for SW68
05:11:26: Placing additional elements for SW67
05:11:26: Placing additional elements for SW66
05:11:26: Placing additional elements for SW65
05:11:26: Placing additional elements for SW64
05:11:26: Placing additional elements for SW63
05:11:26: Placing additional elements for SW62
05:11:26: Placing additional elements for SW61
05:11:26: Placing additional elements for SW60
05:11:26: Placing additional elements for SW59
05:11:26: Placing additional elements for SW58
05:11:26: Placing additional elements for SW57
05:11:26: Placing additional elements for SW56
05:11:26: Placing additional elements for SW55
05:11:26: Placing additional elements for SW54
05:11:26: Placing additional elements for SW53
05:11:26: Placing additional elements for SW52
05:11:26: Placing additional elements for SW51
05:11:26: Placing additional elements for SW50
05:11:26: Placing additional elements for SW49
05:11:26: Placing additional elements for SW48
05:11:26: Placing additional elements for SW47
05:11:26: Placing additional elements for SW46
05:11:26: Placing additional elements for SW45
05:11:26: Placing additional elements for SW44
05:11:26: Placing additional elements for SW43
05:11:26: Placing additional elements for SW42
05:11:26: Placing additional elements for SW41
05:11:26: Placing additional elements for SW40
05:11:26: Placing additional elements for SW39
05:11:26: Placing additional elements for SW38
05:11:26: Placing additional elements for SW37
05:11:26: Placing additional elements for SW36
05:11:26: Placing additional elements for SW35
05:11:26: Placing additional elements for SW34
05:11:26: Placing additional elements for SW33
05:11:26: Placing additional elements for SW32
05:11:26: Placing additional elements for SW31
05:11:26: Placing additional elements for SW30
05:11:26: Placing additional elements for SW29
05:11:26: Placing additional elements for SW28
05:11:26: Placing additional elements for SW27
05:11:26: Placing additional elements for SW26
05:11:26: Placing additional elements for SW25
05:11:26: Placing additional elements for SW24
05:11:26: Placing additional elements for SW23
05:11:26: Placing additional elements for SW22
05:11:26: Placing additional elements for SW21
05:11:26: Placing additional elements for SW20
05:11:26: Placing additional elements for SW19
05:11:26: Placing additional elements for SW18
05:11:26: Placing additional elements for SW17
05:11:26: Placing additional elements for SW16
05:11:26: Placing additional elements for SW15
05:11:26: Placing additional elements for SW14
05:11:26: Placing additional elements for SW13
05:11:26: Placing additional elements for SW12
05:11:26: Placing additional elements for SW11
05:11:26: Placing additional elements for SW10
05:11:26: Placing additional elements for SW9
05:11:26: Placing additional elements for SW8
05:11:26: Placing additional elements for SW7
05:11:26: Placing additional elements for SW6
05:11:26: Placing additional elements for SW5
05:11:26: Placing additional elements for SW4
05:11:26: Placing additional elements for SW3
05:11:26: Placing additional elements for SW2
05:11:26: Placing additional elements for SW1
05:11:26: Routing SW88 with D88
05:11:26: Using internal autorouter method
05:11:26: Routing pad 'SW88:2' at (330200000, 90170000) with pad 'D88:2' at (332740000, 98150000) using coordinate system rotated by 0 degree(s)
05:11:26: Adding track segment (B.Cu): [(330200000, 90170000), (330200000, 95610000)]
05:11:26: Adding track segment (B.Cu): [(330200000, 95610000), (332740000, 98150000)]
05:11:26: Routing SW87 with D87
05:11:26: Using internal autorouter method
05:11:26: Routing pad 'SW87:2' at (311150000, 90170000) with pad 'D87:2' at (313690000, 98150000) using coordinate system rotated by 0 degree(s)
05:11:26: Adding track segment (B.Cu): [(311150000, 90170000), (311150000, 95610000)]
05:11:26: Adding track segment (B.Cu): [(311150000, 95610000), (313690000, 98150000)]
05:11:26: Routing SW86 with D86
05:11:26: Using internal autorouter method
05:11:26: Routing pad 'SW86:2' at (292100000, 90170000) with pad 'D86:2' at (294640000, 98150000) using coordinate system rotated by 0 degree(s)
05:11:26: Adding track segment (B.Cu): [(292100000, 90170000), (292100000, 95610000)]
05:11:26: Adding track segment (B.Cu): [(292100000, 95610000), (294640000, 98150000)]
05:11:26: Routing SW85 with D85
05:11:26: Using internal autorouter method
05:11:26: Routing pad 'SW85:2' at (266858750, 90170000) with pad 'D85:2' at (269398750, 98150000) using coordinate system rotated by 0 degree(s)
05:11:27: Adding track segment (B.Cu): [(266858750, 90170000), (266858750, 95610000)]
05:11:27: Adding track segment (B.Cu): [(266858750, 95610000), (269398750, 98150000)]
05:11:27: Routing SW84 with D84
05:11:27: Using internal autorouter method
05:11:27: Routing pad 'SW84:2' at (243046250, 90170000) with pad 'D84:2' at (245586250, 98150000) using coordinate system rotated by 0 degree(s)
05:11:27: Adding track segment (B.Cu): [(243046250, 90170000), (243046250, 95610000)]
05:11:27: Adding track segment (B.Cu): [(243046250, 95610000), (245586250, 98150000)]
05:11:27: Routing SW83 with D83
05:11:27: Using internal autorouter method
05:11:27: Routing pad 'SW83:2' at (219233750, 90170000) with pad 'D83:2' at (221773750, 98150000) using coordinate system rotated by 0 degree(s)
05:11:27: Adding track segment (B.Cu): [(219233750, 90170000), (219233750, 95610000)]
05:11:27: Adding track segment (B.Cu): [(219233750, 95610000), (221773750, 98150000)]
05:11:27: Routing SW82 with D82
05:11:27: Using internal autorouter method
05:11:27: Routing pad 'SW82:2' at (195421250, 90170000) with pad 'D82:2' at (197961250, 98150000) using coordinate system rotated by 0 degree(s)
05:11:27: Adding track segment (B.Cu): [(195421250, 90170000), (195421250, 95610000)]
05:11:27: Adding track segment (B.Cu): [(195421250, 95610000), (197961250, 98150000)]
05:11:27: Routing SW81 with D81
05:11:27: Using internal autorouter method
05:11:27: Routing pad 'SW81:2' at (123983750, 90170000) with pad 'D81:2' at (126523750, 98150000) using coordinate system rotated by 0 degree(s)
05:11:27: Adding track segment (B.Cu): [(123983750, 90170000), (123983750, 95610000)]
05:11:27: Adding track segment (B.Cu): [(123983750, 95610000), (126523750, 98150000)]
05:11:27: Routing SW80 with D80
05:11:27: Using internal autorouter method
05:11:27: Routing pad 'SW80:2' at (52546250, 90170000) with pad 'D80:2' at (55086250, 98150000) using coordinate system rotated by 0 degree(s)
05:11:27: Adding track segment (B.Cu): [(52546250, 90170000), (52546250, 95610000)]
05:11:27: Adding track segment (B.Cu): [(52546250, 95610000), (55086250, 98150000)]
05:11:27: Routing SW79 with D79
05:11:27: Using internal autorouter method
05:11:27: Routing pad 'SW79:2' at (28733750, 90170000) with pad 'D79:2' at (31273750, 98150000) using coordinate system rotated by 0 degree(s)
05:11:27: Adding track segment (B.Cu): [(28733750, 90170000), (28733750, 95610000)]
05:11:27: Adding track segment (B.Cu): [(28733750, 95610000), (31273750, 98150000)]
05:11:27: Routing SW78 with D78
05:11:27: Using internal autorouter method
05:11:27: Routing pad 'SW78:2' at (4921250, 90170000) with pad 'D78:2' at (7461250, 98150000) using coordinate system rotated by 0 degree(s)
05:11:27: Adding track segment (B.Cu): [(4921250, 90170000), (4921250, 95610000)]
05:11:27: Adding track segment (B.Cu): [(4921250, 95610000), (7461250, 98150000)]
05:11:27: Routing SW77 with D77
05:11:27: Using internal autorouter method
05:11:27: Routing pad 'SW77:2' at (311150000, 71120000) with pad 'D77:2' at (313690000, 79100000) using coordinate system rotated by 0 degree(s)
05:11:27: Adding track segment (B.Cu): [(311150000, 71120000), (311150000, 76560000)]
05:11:27: Adding track segment (B.Cu): [(311150000, 76560000), (313690000, 79100000)]
05:11:27: Routing SW76 with D76
05:11:27: Using internal autorouter method
05:11:27: Routing pad 'SW76:2' at (252571250, 71120000) with pad 'D76:2' at (255111250, 79100000) using coordinate system rotated by 0 degree(s)
05:11:27: Adding track segment (B.Cu): [(252571250, 71120000), (252571250, 76560000)]
05:11:27: Adding track segment (B.Cu): [(252571250, 76560000), (255111250, 79100000)]
05:11:27: Routing SW75 with D75
05:11:27: Using internal autorouter method
05:11:27: Routing pad 'SW75:2' at (216852500, 71120000) with pad 'D75:2' at (219392500, 79100000) using coordinate system rotated by 0 degree(s)
05:11:27: Adding track segment (B.Cu): [(216852500, 71120000), (216852500, 76560000)]
05:11:27: Adding track segment (B.Cu): [(216852500, 76560000), (219392500, 79100000)]
05:11:27: Routing SW74 with D74
05:11:27: Using internal autorouter method
05:11:27: Routing pad 'SW74:2' at (197802500, 71120000) with pad 'D74:2' at (200342500, 79100000) using coordinate system rotated by 0 degree(s)
05:11:27: Adding track segment (B.Cu): [(197802500, 71120000), (197802500, 76560000)]
05:11:27: Adding track segment (B.Cu): [(197802500, 76560000), (200342500, 79100000)]
05:11:27: Routing SW73 with D73
05:11:27: Using internal autorouter method
05:11:27: Routing pad 'SW73:2' at (178752500, 71120000) with pad 'D73:2' at (181292500, 79100000) using coordinate system rotated by 0 degree(s)
05:11:27: Adding track segment (B.Cu): [(178752500, 71120000), (178752500, 76560000)]
05:11:27: Adding track segment (B.Cu): [(178752500, 76560000), (181292500, 79100000)]
05:11:27: Routing SW72 with D72
05:11:27: Using internal autorouter method
05:11:27: Routing pad 'SW72:2' at (159702500, 71120000) with pad 'D72:2' at (162242500, 79100000) using coordinate system rotated by 0 degree(s)
05:11:27: Adding track segment (B.Cu): [(159702500, 71120000), (159702500, 76560000)]
05:11:27: Adding track segment (B.Cu): [(159702500, 76560000), (162242500, 79100000)]
05:11:27: Routing SW71 with D71
05:11:27: Using internal autorouter method
05:11:27: Routing pad 'SW71:2' at (140652500, 71120000) with pad 'D71:2' at (143192500, 79100000) using coordinate system rotated by 0 degree(s)
05:11:27: Adding track segment (B.Cu): [(140652500, 71120000), (140652500, 76560000)]
05:11:27: Adding track segment (B.Cu): [(140652500, 76560000), (143192500, 79100000)]
05:11:27: Routing SW70 with D70
05:11:27: Using internal autorouter method
05:11:27: Routing pad 'SW70:2' at (121602500, 71120000) with pad 'D70:2' at (124142500, 79100000) using coordinate system rotated by 0 degree(s)
05:11:27: Adding track segment (B.Cu): [(121602500, 71120000), (121602500, 76560000)]
05:11:27: Adding track segment (B.Cu): [(121602500, 76560000), (124142500, 79100000)]
05:11:27: Routing SW69 with D69
05:11:27: Using internal autorouter method
05:11:27: Routing pad 'SW69:2' at (102552500, 71120000) with pad 'D69:2' at (105092500, 79100000) using coordinate system rotated by 0 degree(s)
05:11:27: Adding track segment (B.Cu): [(102552500, 71120000), (102552500, 76560000)]
05:11:27: Adding track segment (B.Cu): [(102552500, 76560000), (105092500, 79100000)]
05:11:27: Routing SW68 with D68
05:11:27: Using internal autorouter method
05:11:27: Routing pad 'SW68:2' at (83502500, 71120000) with pad 'D68:2' at (86042500, 79100000) using coordinate system rotated by 0 degree(s)
05:11:27: Adding track segment (B.Cu): [(83502500, 71120000), (83502500, 76560000)]
05:11:27: Adding track segment (B.Cu): [(83502500, 76560000), (86042500, 79100000)]
05:11:27: Routing SW67 with D67
05:11:27: Using internal autorouter method
05:11:27: Routing pad 'SW67:2' at (64452500, 71120000) with pad 'D67:2' at (66992500, 79100000) using coordinate system rotated by 0 degree(s)
05:11:27: Adding track segment (B.Cu): [(64452500, 71120000), (64452500, 76560000)]
05:11:27: Adding track segment (B.Cu): [(64452500, 76560000), (66992500, 79100000)]
05:11:27: Routing SW66 with D66
05:11:27: Using internal autorouter method
05:11:27: Routing pad 'SW66:2' at (45402500, 71120000) with pad 'D66:2' at (47942500, 79100000) using coordinate system rotated by 0 degree(s)
05:11:27: Adding track segment (B.Cu): [(45402500, 71120000), (45402500, 76560000)]
05:11:27: Adding track segment (B.Cu): [(45402500, 76560000), (47942500, 79100000)]
05:11:27: Routing SW65 with D65
05:11:27: Using internal autorouter method
05:11:27: Routing pad 'SW65:2' at (14446250, 71120000) with pad 'D65:2' at (16986250, 79100000) using coordinate system rotated by 0 degree(s)
05:11:27: Adding track segment (B.Cu): [(14446250, 71120000), (14446250, 76560000)]
05:11:27: Adding track segment (B.Cu): [(14446250, 76560000), (16986250, 79100000)]
05:11:27: Routing SW64 with D64
05:11:27: Using internal autorouter method
05:11:27: Routing pad 'SW64:2' at (257333750, 52070000) with pad 'D64:2' at (259873750, 60050000) using coordinate system rotated by 0 degree(s)
05:11:27: Adding track segment (B.Cu): [(257333750, 52070000), (257333750, 57510000)]
05:11:27: Adding track segment (B.Cu): [(257333750, 57510000), (259873750, 60050000)]
05:11:27: Routing SW63 with D63
05:11:27: Using internal autorouter method
05:11:27: Routing pad 'SW63:2' at (226377500, 52070000) with pad 'D63:2' at (228917500, 60050000) using coordinate system rotated by 0 degree(s)
05:11:27: Adding track segment (B.Cu): [(226377500, 52070000), (226377500, 57510000)]
05:11:27: Adding track segment (B.Cu): [(226377500, 57510000), (228917500, 60050000)]
05:11:27: Routing SW62 with D62
05:11:27: Using internal autorouter method
05:11:27: Routing pad 'SW62:2' at (207327500, 52070000) with pad 'D62:2' at (209867500, 60050000) using coordinate system rotated by 0 degree(s)
05:11:27: Adding track segment (B.Cu): [(207327500, 52070000), (207327500, 57510000)]
05:11:27: Adding track segment (B.Cu): [(207327500, 57510000), (209867500, 60050000)]
05:11:27: Routing SW61 with D61
05:11:27: Using internal autorouter method
05:11:27: Routing pad 'SW61:2' at (188277500, 52070000) with pad 'D61:2' at (190817500, 60050000) using coordinate system rotated by 0 degree(s)
05:11:27: Adding track segment (B.Cu): [(188277500, 52070000), (188277500, 57510000)]
05:11:27: Adding track segment (B.Cu): [(188277500, 57510000), (190817500, 60050000)]
05:11:27: Routing SW60 with D60
05:11:27: Using internal autorouter method
05:11:27: Routing pad 'SW60:2' at (169227500, 52070000) with pad 'D60:2' at (171767500, 60050000) using coordinate system rotated by 0 degree(s)
05:11:27: Adding track segment (B.Cu): [(169227500, 52070000), (169227500, 57510000)]
05:11:27: Adding track segment (B.Cu): [(169227500, 57510000), (171767500, 60050000)]
05:11:27: Routing SW59 with D59
05:11:27: Using internal autorouter method
05:11:27: Routing pad 'SW59:2' at (150177500, 52070000) with pad 'D59:2' at (152717500, 60050000) using coordinate system rotated by 0 degree(s)
05:11:28: Adding track segment (B.Cu): [(150177500, 52070000), (150177500, 57510000)]
05:11:28: Adding track segment (B.Cu): [(150177500, 57510000), (152717500, 60050000)]
05:11:28: Routing SW58 with D58
05:11:28: Using internal autorouter method
05:11:28: Routing pad 'SW58:2' at (131127500, 52070000) with pad 'D58:2' at (133667500, 60050000) using coordinate system rotated by 0 degree(s)
05:11:28: Adding track segment (B.Cu): [(131127500, 52070000), (131127500, 57510000)]
05:11:28: Adding track segment (B.Cu): [(131127500, 57510000), (133667500, 60050000)]
05:11:28: Routing SW57 with D57
05:11:28: Using internal autorouter method
05:11:28: Routing pad 'SW57:2' at (112077500, 52070000) with pad 'D57:2' at (114617500, 60050000) using coordinate system rotated by 0 degree(s)
05:11:28: Adding track segment (B.Cu): [(112077500, 52070000), (112077500, 57510000)]
05:11:28: Adding track segment (B.Cu): [(112077500, 57510000), (114617500, 60050000)]
05:11:28: Routing SW56 with D56
05:11:28: Using internal autorouter method
05:11:28: Routing pad 'SW56:2' at (93027500, 52070000) with pad 'D56:2' at (95567500, 60050000) using coordinate system rotated by 0 degree(s)
05:11:28: Adding track segment (B.Cu): [(93027500, 52070000), (93027500, 57510000)]
05:11:28: Adding track segment (B.Cu): [(93027500, 57510000), (95567500, 60050000)]
05:11:28: Routing SW55 with D55
05:11:28: Using internal autorouter method
05:11:28: Routing pad 'SW55:2' at (73977500, 52070000) with pad 'D55:2' at (76517500, 60050000) using coordinate system rotated by 0 degree(s)
05:11:28: Adding track segment (B.Cu): [(73977500, 52070000), (73977500, 57510000)]
05:11:28: Adding track segment (B.Cu): [(73977500, 57510000), (76517500, 60050000)]
05:11:28: Routing SW54 with D54
05:11:28: Using internal autorouter method
05:11:28: Routing pad 'SW54:2' at (54927500, 52070000) with pad 'D54:2' at (57467500, 60050000) using coordinate system rotated by 0 degree(s)
05:11:28: Adding track segment (B.Cu): [(54927500, 52070000), (54927500, 57510000)]
05:11:28: Adding track segment (B.Cu): [(54927500, 57510000), (57467500, 60050000)]
05:11:28: Routing SW53 with D53
05:11:28: Using internal autorouter method
05:11:28: Routing pad 'SW53:2' at (35877500, 52070000) with pad 'D53:2' at (38417500, 60050000) using coordinate system rotated by 0 degree(s)
05:11:28: Adding track segment (B.Cu): [(35877500, 52070000), (35877500, 57510000)]
05:11:28: Adding track segment (B.Cu): [(35877500, 57510000), (38417500, 60050000)]
05:11:28: Routing SW52 with D52
05:11:28: Using internal autorouter method
05:11:28: Routing pad 'SW52:2' at (9683750, 52070000) with pad 'D52:2' at (12223750, 60050000) using coordinate system rotated by 0 degree(s)
05:11:28: Adding track segment (B.Cu): [(9683750, 52070000), (9683750, 57510000)]
05:11:28: Adding track segment (B.Cu): [(9683750, 57510000), (12223750, 60050000)]
05:11:28: Routing SW51 with D51
05:11:28: Using internal autorouter method
05:11:28: Routing pad 'SW51:2' at (326390000, 33020000) with pad 'D51:2' at (328930000, 41000000) using coordinate system rotated by 0 degree(s)
05:11:28: Adding track segment (B.Cu): [(326390000, 33020000), (326390000, 38460000)]
05:11:28: Adding track segment (B.Cu): [(326390000, 38460000), (328930000, 41000000)]
05:11:28: Routing SW50 with D50
05:11:28: Using internal autorouter method
05:11:28: Routing pad 'SW50:2' at (307340000, 33020000) with pad 'D50:2' at (309880000, 41000000) using coordinate system rotated by 0 degree(s)
05:11:28: Adding track segment (B.Cu): [(307340000, 33020000), (307340000, 38460000)]
05:11:28: Adding track segment (B.Cu): [(307340000, 38460000), (309880000, 41000000)]
05:11:28: Routing SW49 with D49
05:11:28: Using internal autorouter method
05:11:28: Routing pad 'SW49:2' at (288290000, 33020000) with pad 'D49:2' at (290830000, 41000000) using coordinate system rotated by 0 degree(s)
05:11:28: Adding track segment (B.Cu): [(288290000, 33020000), (288290000, 38460000)]
05:11:28: Adding track segment (B.Cu): [(288290000, 38460000), (290830000, 41000000)]
05:11:28: Routing SW48 with D48
05:11:28: Using internal autorouter method
05:11:28: Routing pad 'SW48:2' at (264477500, 33020000) with pad 'D48:2' at (267017500, 41000000) using coordinate system rotated by 0 degree(s)
05:11:28: Adding track segment (B.Cu): [(264477500, 33020000), (264477500, 38460000)]
05:11:28: Adding track segment (B.Cu): [(264477500, 38460000), (267017500, 41000000)]
05:11:28: Routing SW47 with D47
05:11:28: Using internal autorouter method
05:11:28: Routing pad 'SW47:2' at (240665000, 33020000) with pad 'D47:2' at (243205000, 41000000) using coordinate system rotated by 0 degree(s)
05:11:28: Adding track segment (B.Cu): [(240665000, 33020000), (240665000, 38460000)]
05:11:28: Adding track segment (B.Cu): [(240665000, 38460000), (243205000, 41000000)]
05:11:28: Routing SW46 with D46
05:11:28: Using internal autorouter method
05:11:28: Routing pad 'SW46:2' at (221615000, 33020000) with pad 'D46:2' at (224155000, 41000000) using coordinate system rotated by 0 degree(s)
05:11:28: Adding track segment (B.Cu): [(221615000, 33020000), (221615000, 38460000)]
05:11:28: Adding track segment (B.Cu): [(221615000, 38460000), (224155000, 41000000)]
05:11:28: Routing SW45 with D45
05:11:28: Using internal autorouter method
05:11:28: Routing pad 'SW45:2' at (202565000, 33020000) with pad 'D45:2' at (205105000, 41000000) using coordinate system rotated by 0 degree(s)
05:11:28: Adding track segment (B.Cu): [(202565000, 33020000), (202565000, 38460000)]
05:11:28: Adding track segment (B.Cu): [(202565000, 38460000), (205105000, 41000000)]
05:11:28: Routing SW44 with D44
05:11:28: Using internal autorouter method
05:11:28: Routing pad 'SW44:2' at (183515000, 33020000) with pad 'D44:2' at (186055000, 41000000) using coordinate system rotated by 0 degree(s)
05:11:28: Adding track segment (B.Cu): [(183515000, 33020000), (183515000, 38460000)]
05:11:28: Adding track segment (B.Cu): [(183515000, 38460000), (186055000, 41000000)]
05:11:28: Routing SW43 with D43
05:11:28: Using internal autorouter method
05:11:28: Routing pad 'SW43:2' at (164465000, 33020000) with pad 'D43:2' at (167005000, 41000000) using coordinate system rotated by 0 degree(s)
05:11:28: Adding track segment (B.Cu): [(164465000, 33020000), (164465000, 38460000)]
05:11:28: Adding track segment (B.Cu): [(164465000, 38460000), (167005000, 41000000)]
05:11:28: Routing SW42 with D42
05:11:28: Using internal autorouter method
05:11:28: Routing pad 'SW42:2' at (145415000, 33020000) with pad 'D42:2' at (147955000, 41000000) using coordinate system rotated by 0 degree(s)
05:11:28: Adding track segment (B.Cu): [(145415000, 33020000), (145415000, 38460000)]
05:11:28: Adding track segment (B.Cu): [(145415000, 38460000), (147955000, 41000000)]
05:11:28: Routing SW41 with D41
05:11:28: Using internal autorouter method
05:11:28: Routing pad 'SW41:2' at (126365000, 33020000) with pad 'D41:2' at (128905000, 41000000) using coordinate system rotated by 0 degree(s)
05:11:28: Adding track segment (B.Cu): [(126365000, 33020000), (126365000, 38460000)]
05:11:28: Adding track segment (B.Cu): [(126365000, 38460000), (128905000, 41000000)]
05:11:28: Routing SW40 with D40
05:11:28: Using internal autorouter method
05:11:28: Routing pad 'SW40:2' at (107315000, 33020000) with pad 'D40:2' at (109855000, 41000000) using coordinate system rotated by 0 degree(s)
05:11:28: Adding track segment (B.Cu): [(107315000, 33020000), (107315000, 38460000)]
05:11:28: Adding track segment (B.Cu): [(107315000, 38460000), (109855000, 41000000)]
05:11:28: Routing SW39 with D39
05:11:28: Using internal autorouter method
05:11:28: Routing pad 'SW39:2' at (88265000, 33020000) with pad 'D39:2' at (90805000, 41000000) using coordinate system rotated by 0 degree(s)
05:11:28: Adding track segment (B.Cu): [(88265000, 33020000), (88265000, 38460000)]
05:11:28: Adding track segment (B.Cu): [(88265000, 38460000), (90805000, 41000000)]
05:11:28: Routing SW38 with D38
05:11:28: Using internal autorouter method
05:11:28: Routing pad 'SW38:2' at (69215000, 33020000) with pad 'D38:2' at (71755000, 41000000) using coordinate system rotated by 0 degree(s)
05:11:28: Adding track segment (B.Cu): [(69215000, 33020000), (69215000, 38460000)]
05:11:28: Adding track segment (B.Cu): [(69215000, 38460000), (71755000, 41000000)]
05:11:28: Routing SW37 with D37
05:11:28: Using internal autorouter method
05:11:28: Routing pad 'SW37:2' at (50165000, 33020000) with pad 'D37:2' at (52705000, 41000000) using coordinate system rotated by 0 degree(s)
05:11:28: Adding track segment (B.Cu): [(50165000, 33020000), (50165000, 38460000)]
05:11:28: Adding track segment (B.Cu): [(50165000, 38460000), (52705000, 41000000)]
05:11:28: Routing SW36 with D36
05:11:28: Using internal autorouter method
05:11:28: Routing pad 'SW36:2' at (31115000, 33020000) with pad 'D36:2' at (33655000, 41000000) using coordinate system rotated by 0 degree(s)
05:11:28: Adding track segment (B.Cu): [(31115000, 33020000), (31115000, 38460000)]
05:11:28: Adding track segment (B.Cu): [(31115000, 38460000), (33655000, 41000000)]
05:11:28: Routing SW35 with D35
05:11:28: Using internal autorouter method
05:11:28: Routing pad 'SW35:2' at (7302500, 33020000) with pad 'D35:2' at (9842500, 41000000) using coordinate system rotated by 0 degree(s)
05:11:28: Adding track segment (B.Cu): [(7302500, 33020000), (7302500, 38460000)]
05:11:28: Adding track segment (B.Cu): [(7302500, 38460000), (9842500, 41000000)]
05:11:28: Routing SW34 with D34
05:11:28: Using internal autorouter method
05:11:28: Routing pad 'SW34:2' at (326390000, 13970000) with pad 'D34:2' at (328930000, 21950000) using coordinate system rotated by 0 degree(s)
05:11:28: Adding track segment (B.Cu): [(326390000, 13970000), (326390000, 19410000)]
05:11:28: Adding track segment (B.Cu): [(326390000, 19410000), (328930000, 21950000)]
05:11:28: Routing SW33 with D33
05:11:28: Using internal autorouter method
05:11:28: Routing pad 'SW33:2' at (307340000, 13970000) with pad 'D33:2' at (309880000, 21950000) using coordinate system rotated by 0 degree(s)
05:11:28: Adding track segment (B.Cu): [(307340000, 13970000), (307340000, 19410000)]
05:11:28: Adding track segment (B.Cu): [(307340000, 19410000), (309880000, 21950000)]
05:11:28: Routing SW32 with D32
05:11:28: Using internal autorouter method
05:11:28: Routing pad 'SW32:2' at (288290000, 13970000) with pad 'D32:2' at (290830000, 21950000) using coordinate system rotated by 0 degree(s)
05:11:28: Adding track segment (B.Cu): [(288290000, 13970000), (288290000, 19410000)]
05:11:28: Adding track segment (B.Cu): [(288290000, 19410000), (290830000, 21950000)]
05:11:28: Routing SW31 with D31
05:11:28: Using internal autorouter method
05:11:28: Routing pad 'SW31:2' at (259715000, 13970000) with pad 'D31:2' at (262255000, 21950000) using coordinate system rotated by 0 degree(s)
05:11:28: Adding track segment (B.Cu): [(259715000, 13970000), (259715000, 19410000)]
05:11:28: Adding track segment (B.Cu): [(259715000, 19410000), (262255000, 21950000)]
05:11:28: Routing SW30 with D30
05:11:28: Using internal autorouter method
05:11:28: Routing pad 'SW30:2' at (231140000, 13970000) with pad 'D30:2' at (233680000, 21950000) using coordinate system rotated by 0 degree(s)
05:11:28: Adding track segment (B.Cu): [(231140000, 13970000), (231140000, 19410000)]
05:11:28: Adding track segment (B.Cu): [(231140000, 19410000), (233680000, 21950000)]
05:11:28: Routing SW29 with D29
05:11:28: Using internal autorouter method
05:11:28: Routing pad 'SW29:2' at (212090000, 13970000) with pad 'D29:2' at (214630000, 21950000) using coordinate system rotated by 0 degree(s)
05:11:28: Adding track segment (B.Cu): [(212090000, 13970000), (212090000, 19410000)]
05:11:28: Adding track segment (B.Cu): [(212090000, 19410000), (214630000, 21950000)]
05:11:28: Routing SW28 with D28
05:11:28: Using internal autorouter method
05:11:28: Routing pad 'SW28:2' at (193040000, 13970000) with pad 'D28:2' at (195580000, 21950000) using coordinate system rotated by 0 degree(s)
05:11:28: Adding track segment (B.Cu): [(193040000, 13970000), (193040000, 19410000)]
05:11:28: Adding track segment (B.Cu): [(193040000, 19410000), (195580000, 21950000)]
05:11:28: Routing SW27 with D27
05:11:28: Using internal autorouter method
05:11:28: Routing pad 'SW27:2' at (173990000, 13970000) with pad 'D27:2' at (176530000, 21950000) using coordinate system rotated by 0 degree(s)
05:11:28: Adding track segment (B.Cu): [(173990000, 13970000), (173990000, 19410000)]
05:11:28: Adding track segment (B.Cu): [(173990000, 19410000), (176530000, 21950000)]
05:11:28: Routing SW26 with D26
05:11:28: Using internal autorouter method
05:11:28: Routing pad 'SW26:2' at (154940000, 13970000) with pad 'D26:2' at (157480000, 21950000) using coordinate system rotated by 0 degree(s)
05:11:28: Adding track segment (B.Cu): [(154940000, 13970000), (154940000, 19410000)]
05:11:28: Adding track segment (B.Cu): [(154940000, 19410000), (157480000, 21950000)]
05:11:28: Routing SW25 with D25
05:11:28: Using internal autorouter method
05:11:28: Routing pad 'SW25:2' at (135890000, 13970000) with pad 'D25:2' at (138430000, 21950000) using coordinate system rotated by 0 degree(s)
05:11:28: Adding track segment (B.Cu): [(135890000, 13970000), (135890000, 19410000)]
05:11:28: Adding track segment (B.Cu): [(135890000, 19410000), (138430000, 21950000)]
05:11:28: Routing SW24 with D24
05:11:28: Using internal autorouter method
05:11:28: Routing pad 'SW24:2' at (116840000, 13970000) with pad 'D24:2' at (119380000, 21950000) using coordinate system rotated by 0 degree(s)
05:11:28: Adding track segment (B.Cu): [(116840000, 13970000), (116840000, 19410000)]
05:11:28: Adding track segment (B.Cu): [(116840000, 19410000), (119380000, 21950000)]
05:11:28: Routing SW23 with D23
05:11:28: Using internal autorouter method
05:11:28: Routing pad 'SW23:2' at (97790000, 13970000) with pad 'D23:2' at (100330000, 21950000) using coordinate system rotated by 0 degree(s)
05:11:28: Adding track segment (B.Cu): [(97790000, 13970000), (97790000, 19410000)]
05:11:28: Adding track segment (B.Cu): [(97790000, 19410000), (100330000, 21950000)]
05:11:28: Routing SW22 with D22
05:11:28: Using internal autorouter method
05:11:28: Routing pad 'SW22:2' at (78740000, 13970000) with pad 'D22:2' at (81280000, 21950000) using coordinate system rotated by 0 degree(s)
05:11:28: Adding track segment (B.Cu): [(78740000, 13970000), (78740000, 19410000)]
05:11:28: Adding track segment (B.Cu): [(78740000, 19410000), (81280000, 21950000)]
05:11:28: Routing SW21 with D21
05:11:28: Using internal autorouter method
05:11:28: Routing pad 'SW21:2' at (59690000, 13970000) with pad 'D21:2' at (62230000, 21950000) using coordinate system rotated by 0 degree(s)
05:11:28: Adding track segment (B.Cu): [(59690000, 13970000), (59690000, 19410000)]
05:11:29: Adding track segment (B.Cu): [(59690000, 19410000), (62230000, 21950000)]
05:11:29: Routing SW20 with D20
05:11:29: Using internal autorouter method
05:11:29: Routing pad 'SW20:2' at (40640000, 13970000) with pad 'D20:2' at (43180000, 21950000) using coordinate system rotated by 0 degree(s)
05:11:29: Adding track segment (B.Cu): [(40640000, 13970000), (40640000, 19410000)]
05:11:29: Adding track segment (B.Cu): [(40640000, 19410000), (43180000, 21950000)]
05:11:29: Routing SW19 with D19
05:11:29: Using internal autorouter method
05:11:29: Routing pad 'SW19:2' at (21590000, 13970000) with pad 'D19:2' at (24130000, 21950000) using coordinate system rotated by 0 degree(s)
05:11:29: Adding track segment (B.Cu): [(21590000, 13970000), (21590000, 19410000)]
05:11:29: Adding track segment (B.Cu): [(21590000, 19410000), (24130000, 21950000)]
05:11:29: Routing SW18 with D18
05:11:29: Using internal autorouter method
05:11:29: Routing pad 'SW18:2' at (2540000, 13970000) with pad 'D18:2' at (5080000, 21950000) using coordinate system rotated by 0 degree(s)
05:11:29: Adding track segment (B.Cu): [(2540000, 13970000), (2540000, 19410000)]
05:11:29: Adding track segment (B.Cu): [(2540000, 19410000), (5080000, 21950000)]
05:11:29: Routing SW17 with D17
05:11:29: Using internal autorouter method
05:11:29: Routing pad 'SW17:2' at (326390000, -5080000) with pad 'D17:2' at (328930000, 2900000) using coordinate system rotated by 0 degree(s)
05:11:29: Adding track segment (B.Cu): [(326390000, -5080000), (326390000, 360000)]
05:11:29: Adding track segment (B.Cu): [(326390000, 360000), (328930000, 2900000)]
05:11:29: Routing SW16 with D16
05:11:29: Using internal autorouter method
05:11:29: Routing pad 'SW16:2' at (307340000, -5080000) with pad 'D16:2' at (309880000, 2900000) using coordinate system rotated by 0 degree(s)
05:11:29: Adding track segment (B.Cu): [(307340000, -5080000), (307340000, 360000)]
05:11:29: Adding track segment (B.Cu): [(307340000, 360000), (309880000, 2900000)]
05:11:29: Routing SW15 with D15
05:11:29: Using internal autorouter method
05:11:29: Routing pad 'SW15:2' at (288290000, -5080000) with pad 'D15:2' at (290830000, 2900000) using coordinate system rotated by 0 degree(s)
05:11:29: Adding track segment (B.Cu): [(288290000, -5080000), (288290000, 360000)]
05:11:29: Adding track segment (B.Cu): [(288290000, 360000), (290830000, 2900000)]
05:11:29: Routing SW14 with D14
05:11:29: Using internal autorouter method
05:11:29: Routing pad 'SW14:2' at (269240000, -5080000) with pad 'D14:2' at (271780000, 2900000) using coordinate system rotated by 0 degree(s)
05:11:29: Adding track segment (B.Cu): [(269240000, -5080000), (269240000, 360000)]
05:11:29: Adding track segment (B.Cu): [(269240000, 360000), (271780000, 2900000)]
05:11:29: Routing SW13 with D13
05:11:29: Using internal autorouter method
05:11:29: Routing pad 'SW13:2' at (245427500, -5080000) with pad 'D13:2' at (247967500, 2900000) using coordinate system rotated by 0 degree(s)
05:11:29: Adding track segment (B.Cu): [(245427500, -5080000), (245427500, 360000)]
05:11:29: Adding track segment (B.Cu): [(245427500, 360000), (247967500, 2900000)]
05:11:29: Routing SW12 with D12
05:11:29: Using internal autorouter method
05:11:29: Routing pad 'SW12:2' at (226377500, -5080000) with pad 'D12:2' at (228917500, 2900000) using coordinate system rotated by 0 degree(s)
05:11:29: Adding track segment (B.Cu): [(226377500, -5080000), (226377500, 360000)]
05:11:29: Adding track segment (B.Cu): [(226377500, 360000), (228917500, 2900000)]
05:11:29: Routing SW11 with D11
05:11:29: Using internal autorouter method
05:11:29: Routing pad 'SW11:2' at (207327500, -5080000) with pad 'D11:2' at (209867500, 2900000) using coordinate system rotated by 0 degree(s)
05:11:29: Adding track segment (B.Cu): [(207327500, -5080000), (207327500, 360000)]
05:11:29: Adding track segment (B.Cu): [(207327500, 360000), (209867500, 2900000)]
05:11:29: Routing SW10 with D10
05:11:29: Using internal autorouter method
05:11:29: Routing pad 'SW10:2' at (188277500, -5080000) with pad 'D10:2' at (190817500, 2900000) using coordinate system rotated by 0 degree(s)
05:11:29: Adding track segment (B.Cu): [(188277500, -5080000), (188277500, 360000)]
05:11:29: Adding track segment (B.Cu): [(188277500, 360000), (190817500, 2900000)]
05:11:29: Routing SW9 with D9
05:11:29: Using internal autorouter method
05:11:29: Routing pad 'SW9:2' at (164465000, -5080000) with pad 'D9:2' at (167005000, 2900000) using coordinate system rotated by 0 degree(s)
05:11:29: Adding track segment (B.Cu): [(164465000, -5080000), (164465000, 360000)]
05:11:29: Adding track segment (B.Cu): [(164465000, 360000), (167005000, 2900000)]
05:11:29: Routing SW8 with D8
05:11:29: Using internal autorouter method
05:11:29: Routing pad 'SW8:2' at (145415000, -5080000) with pad 'D8:2' at (147955000, 2900000) using coordinate system rotated by 0 degree(s)
05:11:29: Adding track segment (B.Cu): [(145415000, -5080000), (145415000, 360000)]
05:11:29: Adding track segment (B.Cu): [(145415000, 360000), (147955000, 2900000)]
05:11:29: Routing SW7 with D7
05:11:29: Using internal autorouter method
05:11:29: Routing pad 'SW7:2' at (126365000, -5080000) with pad 'D7:2' at (128905000, 2900000) using coordinate system rotated by 0 degree(s)
05:11:29: Adding track segment (B.Cu): [(126365000, -5080000), (126365000, 360000)]
05:11:29: Adding track segment (B.Cu): [(126365000, 360000), (128905000, 2900000)]
05:11:29: Routing SW6 with D6
05:11:29: Using internal autorouter method
05:11:29: Routing pad 'SW6:2' at (107315000, -5080000) with pad 'D6:2' at (109855000, 2900000) using coordinate system rotated by 0 degree(s)
05:11:29: Adding track segment (B.Cu): [(107315000, -5080000), (107315000, 360000)]
05:11:29: Adding track segment (B.Cu): [(107315000, 360000), (109855000, 2900000)]
05:11:29: Routing SW5 with D5
05:11:29: Using internal autorouter method
05:11:29: Routing pad 'SW5:2' at (83502500, -5080000) with pad 'D5:2' at (86042500, 2900000) using coordinate system rotated by 0 degree(s)
05:11:29: Adding track segment (B.Cu): [(83502500, -5080000), (83502500, 360000)]
05:11:29: Adding track segment (B.Cu): [(83502500, 360000), (86042500, 2900000)]
05:11:29: Routing SW4 with D4
05:11:29: Using internal autorouter method
05:11:29: Routing pad 'SW4:2' at (64452500, -5080000) with pad 'D4:2' at (66992500, 2900000) using coordinate system rotated by 0 degree(s)
05:11:29: Adding track segment (B.Cu): [(64452500, -5080000), (64452500, 360000)]
05:11:29: Adding track segment (B.Cu): [(64452500, 360000), (66992500, 2900000)]
05:11:29: Routing SW3 with D3
05:11:29: Using internal autorouter method
05:11:29: Routing pad 'SW3:2' at (45402500, -5080000) with pad 'D3:2' at (47942500, 2900000) using coordinate system rotated by 0 degree(s)
05:11:29: Adding track segment (B.Cu): [(45402500, -5080000), (45402500, 360000)]
05:11:29: Adding track segment (B.Cu): [(45402500, 360000), (47942500, 2900000)]
05:11:29: Routing SW2 with D2
05:11:29: Using internal autorouter method
05:11:29: Routing pad 'SW2:2' at (26352500, -5080000) with pad 'D2:2' at (28892500, 2900000) using coordinate system rotated by 0 degree(s)
05:11:29: Adding track segment (B.Cu): [(26352500, -5080000), (26352500, 360000)]
05:11:29: Adding track segment (B.Cu): [(26352500, 360000), (28892500, 2900000)]
05:11:29: Routing SW1 with D1
05:11:29: Using internal autorouter method
05:11:29: Routing pad 'SW1:2' at (2540000, -5080000) with pad 'D1:2' at (5080000, 2900000) using coordinate system rotated by 0 degree(s)
05:11:29: Adding track segment (B.Cu): [(2540000, -5080000), (2540000, 360000)]
05:11:29: Adding track segment (B.Cu): [(2540000, 360000), (5080000, 2900000)]
05:11:29: Routing COL11 pads
05:11:29: Routing pad 'SW63:1' at (220027500, 54610000) with pad 'SW75:1' at (210502500, 73660000) using coordinate system rotated by 0 degree(s)
05:11:29: Adding track segment (F.Cu): [(220027500, 54610000), (220027500, 64135000)]
05:11:29: Adding track segment (F.Cu): [(220027500, 64135000), (210502500, 73660000)]
05:11:29: Routing pad 'SW75:1' at (210502500, 73660000) with pad 'SW83:1' at (212883750, 92710000) using coordinate system rotated by 0 degree(s)
05:11:29: Adding track segment (F.Cu): [(210502500, 73660000), (210502500, 90328750)]
05:11:29: Adding track segment (F.Cu): [(210502500, 90328750), (212883750, 92710000)]
05:11:29: Routing pad 'SW29:1' at (205740000, 16510000) with pad 'SW46:1' at (215265000, 35560000) using coordinate system rotated by 0 degree(s)
05:11:29: Adding track segment (F.Cu): [(205740000, 16510000), (205740000, 26035000)]
05:11:29: Adding track segment (F.Cu): [(205740000, 26035000), (215265000, 35560000)]
05:11:29: Routing pad 'SW29:1' at (205740000, 16510000) with pad 'SW12:1' at (220027500, -2540000) using coordinate system rotated by 0 degree(s)
05:11:29: Adding track segment (F.Cu): [(205740000, 16510000), (220027500, 2222500)]
05:11:29: Adding track segment (F.Cu): [(220027500, 2222500), (220027500, -2540000)]
05:11:29: Routing pad 'SW46:1' at (215265000, 35560000) with pad 'SW63:1' at (220027500, 54610000) using coordinate system rotated by 0 degree(s)
05:11:29: Adding track segment (F.Cu): [(215265000, 35560000), (215265000, 49847500)]
05:11:29: Adding track segment (F.Cu): [(215265000, 49847500), (220027500, 54610000)]
05:11:29: Routing COL17 pads
05:11:29: Routing pad 'SW17:1' at (320040000, -2540000) with pad 'SW34:1' at (320040000, 16510000) using coordinate system rotated by 0 degree(s)
05:11:29: Adding track segment (F.Cu): [(320040000, -2540000), (320040000, 16510000)]
05:11:29: Routing pad 'SW34:1' at (320040000, 16510000) with pad 'SW51:1' at (320040000, 35560000) using coordinate system rotated by 0 degree(s)
05:11:29: Adding track segment (F.Cu): [(320040000, 16510000), (320040000, 35560000)]
05:11:29: Routing pad 'SW51:1' at (320040000, 35560000) with pad 'SW88:1' at (323850000, 92710000) using coordinate system rotated by 0 degree(s)
05:11:29: Adding track segment (F.Cu): [(320040000, 35560000), (320040000, 88900000)]
05:11:29: Adding track segment (F.Cu): [(320040000, 88900000), (323850000, 92710000)]
05:11:29: Routing ROW3 pads
05:11:29: Routing pad 'D52:1' at (12223750, 62250000) with pad 'D53:1' at (38417500, 62250000) using coordinate system rotated by 0 degree(s)
05:11:29: Adding track segment (B.Cu): [(12223750, 62250000), (38417500, 62250000)]
05:11:29: Routing pad 'D53:1' at (38417500, 62250000) with pad 'D54:1' at (57467500, 62250000) using coordinate system rotated by 0 degree(s)
05:11:29: Adding track segment (B.Cu): [(38417500, 62250000), (57467500, 62250000)]
05:11:29: Routing pad 'D54:1' at (57467500, 62250000) with pad 'D55:1' at (76517500, 62250000) using coordinate system rotated by 0 degree(s)
05:11:29: Adding track segment (B.Cu): [(57467500, 62250000), (76517500, 62250000)]
05:11:29: Routing pad 'D55:1' at (76517500, 62250000) with pad 'D56:1' at (95567500, 62250000) using coordinate system rotated by 0 degree(s)
05:11:29: Adding track segment (B.Cu): [(76517500, 62250000), (95567500, 62250000)]
05:11:29: Routing pad 'D56:1' at (95567500, 62250000) with pad 'D57:1' at (114617500, 62250000) using coordinate system rotated by 0 degree(s)
05:11:29: Adding track segment (B.Cu): [(95567500, 62250000), (114617500, 62250000)]
05:11:29: Routing pad 'D57:1' at (114617500, 62250000) with pad 'D58:1' at (133667500, 62250000) using coordinate system rotated by 0 degree(s)
05:11:29: Adding track segment (B.Cu): [(114617500, 62250000), (133667500, 62250000)]
05:11:29: Routing pad 'D58:1' at (133667500, 62250000) with pad 'D59:1' at (152717500, 62250000) using coordinate system rotated by 0 degree(s)
05:11:29: Adding track segment (B.Cu): [(133667500, 62250000), (152717500, 62250000)]
05:11:29: Routing pad 'D59:1' at (152717500, 62250000) with pad 'D60:1' at (171767500, 62250000) using coordinate system rotated by 0 degree(s)
05:11:29: Adding track segment (B.Cu): [(152717500, 62250000), (171767500, 62250000)]
05:11:29: Routing pad 'D60:1' at (171767500, 62250000) with pad 'D61:1' at (190817500, 62250000) using coordinate system rotated by 0 degree(s)
05:11:29: Adding track segment (B.Cu): [(171767500, 62250000), (190817500, 62250000)]
05:11:29: Routing pad 'D61:1' at (190817500, 62250000) with pad 'D62:1' at (209867500, 62250000) using coordinate system rotated by 0 degree(s)
05:11:29: Adding track segment (B.Cu): [(190817500, 62250000), (209867500, 62250000)]
05:11:29: Routing pad 'D62:1' at (209867500, 62250000) with pad 'D63:1' at (228917500, 62250000) using coordinate system rotated by 0 degree(s)
05:11:29: Adding track segment (B.Cu): [(209867500, 62250000), (228917500, 62250000)]
05:11:29: Routing pad 'D63:1' at (228917500, 62250000) with pad 'D64:1' at (259873750, 62250000) using coordinate system rotated by 0 degree(s)
05:11:29: Adding track segment (B.Cu): [(228917500, 62250000), (259873750, 62250000)]
05:11:29: Routing ROW5 pads
05:11:29: Routing pad 'D78:1' at (7461250, 100350000) with pad 'D79:1' at (31273750, 100350000) using coordinate system rotated by 0 degree(s)
05:11:29: Adding track segment (B.Cu): [(7461250, 100350000), (31273750, 100350000)]
05:11:29: Routing pad 'D79:1' at (31273750, 100350000) with pad 'D80:1' at (55086250, 100350000) using coordinate system rotated by 0 degree(s)
05:11:29: Adding track segment (B.Cu): [(31273750, 100350000), (55086250, 100350000)]
05:11:29: Routing pad 'D80:1' at (55086250, 100350000) with pad 'D81:1' at (126523750, 100350000) using coordinate system rotated by 0 degree(s)
05:11:29: Adding track segment (B.Cu): [(55086250, 100350000), (126523750, 100350000)]
05:11:29: Routing pad 'D81:1' at (126523750, 100350000) with pad 'D82:1' at (197961250, 100350000) using coordinate system rotated by 0 degree(s)
05:11:29: Adding track segment (B.Cu): [(126523750, 100350000), (197961250, 100350000)]
05:11:29: Routing pad 'D82:1' at (197961250, 100350000) with pad 'D83:1' at (221773750, 100350000) using coordinate system rotated by 0 degree(s)
05:11:29: Adding track segment (B.Cu): [(197961250, 100350000), (221773750, 100350000)]
05:11:29: Routing pad 'D83:1' at (221773750, 100350000) with pad 'D84:1' at (245586250, 100350000) using coordinate system rotated by 0 degree(s)
05:11:29: Adding track segment (B.Cu): [(221773750, 100350000), (245586250, 100350000)]
05:11:29: Routing pad 'D84:1' at (245586250, 100350000) with pad 'D85:1' at (269398750, 100350000) using coordinate system rotated by 0 degree(s)
05:11:29: Adding track segment (B.Cu): [(245586250, 100350000), (269398750, 100350000)]
05:11:29: Routing pad 'D85:1' at (269398750, 100350000) with pad 'D86:1' at (294640000, 100350000) using coordinate system rotated by 0 degree(s)
05:11:29: Adding track segment (B.Cu): [(269398750, 100350000), (294640000, 100350000)]
05:11:29: Routing pad 'D86:1' at (294640000, 100350000) with pad 'D87:1' at (313690000, 100350000) using coordinate system rotated by 0 degree(s)
05:11:29: Adding track segment (B.Cu): [(294640000, 100350000), (313690000, 100350000)]
05:11:29: Routing pad 'D87:1' at (313690000, 100350000) with pad 'D88:1' at (332740000, 100350000) using coordinate system rotated by 0 degree(s)
05:11:29: Adding track segment (B.Cu): [(313690000, 100350000), (332740000, 100350000)]
05:11:29: Routing COL5 pads
05:11:29: Routing pad 'SW57:1' at (105727500, 54610000) with pad 'SW69:1' at (96202500, 73660000) using coordinate system rotated by 0 degree(s)
05:11:29: Adding track segment (F.Cu): [(105727500, 54610000), (105727500, 64135000)]
05:11:29: Adding track segment (F.Cu): [(105727500, 64135000), (96202500, 73660000)]
05:11:29: Routing pad 'SW23:1' at (91440000, 16510000) with pad 'SW6:1' at (100965000, -2540000) using coordinate system rotated by 0 degree(s)
05:11:30: Adding track segment (F.Cu): [(91440000, 16510000), (100965000, 6985000)]
05:11:30: Adding track segment (F.Cu): [(100965000, 6985000), (100965000, -2540000)]
05:11:30: Routing pad 'SW23:1' at (91440000, 16510000) with pad 'SW40:1' at (100965000, 35560000) using coordinate system rotated by 0 degree(s)
05:11:30: Adding track segment (F.Cu): [(91440000, 16510000), (91440000, 26035000)]
05:11:30: Adding track segment (F.Cu): [(91440000, 26035000), (100965000, 35560000)]
05:11:30: Routing pad 'SW40:1' at (100965000, 35560000) with pad 'SW57:1' at (105727500, 54610000) using coordinate system rotated by 0 degree(s)
05:11:30: Adding track segment (F.Cu): [(100965000, 35560000), (100965000, 49847500)]
05:11:30: Adding track segment (F.Cu): [(100965000, 49847500), (105727500, 54610000)]
05:11:30: Routing COL4 pads
05:11:30: Routing pad 'SW22:1' at (72390000, 16510000) with pad 'SW5:1' at (77152500, -2540000) using coordinate system rotated by 0 degree(s)
05:11:30: Adding track segment (F.Cu): [(72390000, 16510000), (77152500, 11747500)]
05:11:30: Adding track segment (F.Cu): [(77152500, 11747500), (77152500, -2540000)]
05:11:30: Routing pad 'SW56:1' at (86677500, 54610000) with pad 'SW68:1' at (77152500, 73660000) using coordinate system rotated by 0 degree(s)
05:11:30: Adding track segment (F.Cu): [(86677500, 54610000), (86677500, 64135000)]
05:11:30: Adding track segment (F.Cu): [(86677500, 64135000), (77152500, 73660000)]
05:11:30: Routing pad 'SW22:1' at (72390000, 16510000) with pad 'SW39:1' at (81915000, 35560000) using coordinate system rotated by 0 degree(s)
05:11:30: Adding track segment (F.Cu): [(72390000, 16510000), (72390000, 26035000)]
05:11:30: Adding track segment (F.Cu): [(72390000, 26035000), (81915000, 35560000)]
05:11:30: Routing pad 'SW39:1' at (81915000, 35560000) with pad 'SW56:1' at (86677500, 54610000) using coordinate system rotated by 0 degree(s)
05:11:30: Adding track segment (F.Cu): [(81915000, 35560000), (81915000, 49847500)]
05:11:30: Adding track segment (F.Cu): [(81915000, 49847500), (86677500, 54610000)]
05:11:30: Routing COL14 pads
05:11:30: Routing COL12 pads
05:11:30: Routing pad 'SW30:1' at (224790000, 16510000) with pad 'SW47:1' at (234315000, 35560000) using coordinate system rotated by 0 degree(s)
05:11:30: Adding track segment (F.Cu): [(224790000, 16510000), (224790000, 26035000)]
05:11:30: Adding track segment (F.Cu): [(224790000, 26035000), (234315000, 35560000)]
05:11:30: Routing pad 'SW47:1' at (234315000, 35560000) with pad 'SW84:1' at (236696250, 92710000) using coordinate system rotated by 0 degree(s)
05:11:30: Adding track segment (F.Cu): [(234315000, 35560000), (234315000, 90328750)]
05:11:30: Adding track segment (F.Cu): [(234315000, 90328750), (236696250, 92710000)]
05:11:30: Routing pad 'SW30:1' at (224790000, 16510000) with pad 'SW13:1' at (239077500, -2540000) using coordinate system rotated by 0 degree(s)
05:11:30: Adding track segment (F.Cu): [(224790000, 16510000), (239077500, 2222500)]
05:11:30: Adding track segment (F.Cu): [(239077500, 2222500), (239077500, -2540000)]
05:11:30: Routing COL15 pads
05:11:30: Routing pad 'SW15:1' at (281940000, -2540000) with pad 'SW32:1' at (281940000, 16510000) using coordinate system rotated by 0 degree(s)
05:11:30: Adding track segment (F.Cu): [(281940000, -2540000), (281940000, 16510000)]
05:11:30: Routing pad 'SW32:1' at (281940000, 16510000) with pad 'SW49:1' at (281940000, 35560000) using coordinate system rotated by 0 degree(s)
05:11:30: Adding track segment (F.Cu): [(281940000, 16510000), (281940000, 35560000)]
05:11:30: Routing pad 'SW49:1' at (281940000, 35560000) with pad 'SW86:1' at (285750000, 92710000) using coordinate system rotated by 0 degree(s)
05:11:30: Adding track segment (F.Cu): [(281940000, 35560000), (281940000, 88900000)]
05:11:30: Adding track segment (F.Cu): [(281940000, 88900000), (285750000, 92710000)]
05:11:30: Routing COL0 pads
05:11:30: Routing pad 'SW1:1' at (-3810000, -2540000) with pad 'SW18:1' at (-3810000, 16510000) using coordinate system rotated by 0 degree(s)
05:11:30: Adding track segment (F.Cu): [(-3810000, -2540000), (-3810000, 16510000)]
05:11:30: Routing pad 'SW65:1' at (8096250, 73660000) with pad 'SW78:1' at (-1428750, 92710000) using coordinate system rotated by 0 degree(s)
05:11:30: Adding track segment (F.Cu): [(8096250, 73660000), (8096250, 83185000)]
05:11:30: Adding track segment (F.Cu): [(8096250, 83185000), (-1428750, 92710000)]
05:11:30: Routing pad 'SW18:1' at (-3810000, 16510000) with pad 'SW35:1' at (952500, 35560000) using coordinate system rotated by 0 degree(s)
05:11:30: Adding track segment (F.Cu): [(-3810000, 16510000), (-3810000, 30797500)]
05:11:30: Adding track segment (F.Cu): [(-3810000, 30797500), (952500, 35560000)]
05:11:30: Routing pad 'SW35:1' at (952500, 35560000) with pad 'SW52:1' at (3333750, 54610000) using coordinate system rotated by 0 degree(s)
05:11:30: Adding track segment (F.Cu): [(952500, 35560000), (952500, 52228750)]
05:11:30: Adding track segment (F.Cu): [(952500, 52228750), (3333750, 54610000)]
05:11:30: Routing pad 'SW52:1' at (3333750, 54610000) with pad 'SW65:1' at (8096250, 73660000) using coordinate system rotated by 0 degree(s)
05:11:30: Adding track segment (F.Cu): [(3333750, 54610000), (3333750, 68897500)]
05:11:30: Adding track segment (F.Cu): [(3333750, 68897500), (8096250, 73660000)]
05:11:30: Routing COL1 pads
05:11:30: Routing pad 'SW19:1' at (15240000, 16510000) with pad 'SW2:1' at (20002500, -2540000) using coordinate system rotated by 0 degree(s)
05:11:30: Adding track segment (F.Cu): [(15240000, 16510000), (20002500, 11747500)]
05:11:30: Adding track segment (F.Cu): [(20002500, 11747500), (20002500, -2540000)]
05:11:30: Routing pad 'SW53:1' at (29527500, 54610000) with pad 'SW79:1' at (22383750, 92710000) using coordinate system rotated by 0 degree(s)
05:11:30: Adding track segment (F.Cu): [(29527500, 54610000), (29527500, 85566250)]
05:11:30: Adding track segment (F.Cu): [(29527500, 85566250), (22383750, 92710000)]
05:11:30: Routing pad 'SW19:1' at (15240000, 16510000) with pad 'SW36:1' at (24765000, 35560000) using coordinate system rotated by 0 degree(s)
05:11:30: Adding track segment (F.Cu): [(15240000, 16510000), (15240000, 26035000)]
05:11:30: Adding track segment (F.Cu): [(15240000, 26035000), (24765000, 35560000)]
05:11:30: Routing pad 'SW36:1' at (24765000, 35560000) with pad 'SW53:1' at (29527500, 54610000) using coordinate system rotated by 0 degree(s)
05:11:30: Adding track segment (F.Cu): [(24765000, 35560000), (24765000, 49847500)]
05:11:30: Adding track segment (F.Cu): [(24765000, 49847500), (29527500, 54610000)]
05:11:30: Routing ROW2 pads
05:11:30: Routing pad 'D35:1' at (9842500, 43200000) with pad 'D36:1' at (33655000, 43200000) using coordinate system rotated by 0 degree(s)
05:11:30: Adding track segment (B.Cu): [(9842500, 43200000), (33655000, 43200000)]
05:11:30: Routing pad 'D36:1' at (33655000, 43200000) with pad 'D37:1' at (52705000, 43200000) using coordinate system rotated by 0 degree(s)
05:11:30: Adding track segment (B.Cu): [(33655000, 43200000), (52705000, 43200000)]
05:11:30: Routing pad 'D37:1' at (52705000, 43200000) with pad 'D38:1' at (71755000, 43200000) using coordinate system rotated by 0 degree(s)
05:11:30: Adding track segment (B.Cu): [(52705000, 43200000), (71755000, 43200000)]
05:11:30: Routing pad 'D38:1' at (71755000, 43200000) with pad 'D39:1' at (90805000, 43200000) using coordinate system rotated by 0 degree(s)
05:11:30: Adding track segment (B.Cu): [(71755000, 43200000), (90805000, 43200000)]
05:11:30: Routing pad 'D39:1' at (90805000, 43200000) with pad 'D40:1' at (109855000, 43200000) using coordinate system rotated by 0 degree(s)
05:11:30: Adding track segment (B.Cu): [(90805000, 43200000), (109855000, 43200000)]
05:11:30: Routing pad 'D40:1' at (109855000, 43200000) with pad 'D41:1' at (128905000, 43200000) using coordinate system rotated by 0 degree(s)
05:11:30: Adding track segment (B.Cu): [(109855000, 43200000), (128905000, 43200000)]
05:11:30: Routing pad 'D41:1' at (128905000, 43200000) with pad 'D42:1' at (147955000, 43200000) using coordinate system rotated by 0 degree(s)
05:11:30: Adding track segment (B.Cu): [(128905000, 43200000), (147955000, 43200000)]
05:11:30: Routing pad 'D42:1' at (147955000, 43200000) with pad 'D43:1' at (167005000, 43200000) using coordinate system rotated by 0 degree(s)
05:11:30: Adding track segment (B.Cu): [(147955000, 43200000), (167005000, 43200000)]
05:11:30: Routing pad 'D43:1' at (167005000, 43200000) with pad 'D44:1' at (186055000, 43200000) using coordinate system rotated by 0 degree(s)
05:11:30: Adding track segment (B.Cu): [(167005000, 43200000), (186055000, 43200000)]
05:11:30: Routing pad 'D44:1' at (186055000, 43200000) with pad 'D45:1' at (205105000, 43200000) using coordinate system rotated by 0 degree(s)
05:11:30: Adding track segment (B.Cu): [(186055000, 43200000), (205105000, 43200000)]
05:11:30: Routing pad 'D45:1' at (205105000, 43200000) with pad 'D46:1' at (224155000, 43200000) using coordinate system rotated by 0 degree(s)
05:11:30: Adding track segment (B.Cu): [(205105000, 43200000), (224155000, 43200000)]
05:11:30: Routing pad 'D46:1' at (224155000, 43200000) with pad 'D47:1' at (243205000, 43200000) using coordinate system rotated by 0 degree(s)
05:11:30: Adding track segment (B.Cu): [(224155000, 43200000), (243205000, 43200000)]
05:11:30: Routing pad 'D47:1' at (243205000, 43200000) with pad 'D48:1' at (267017500, 43200000) using coordinate system rotated by 0 degree(s)
05:11:30: Adding track segment (B.Cu): [(243205000, 43200000), (267017500, 43200000)]
05:11:30: Routing pad 'D48:1' at (267017500, 43200000) with pad 'D49:1' at (290830000, 43200000) using coordinate system rotated by 0 degree(s)
05:11:30: Adding track segment (B.Cu): [(267017500, 43200000), (290830000, 43200000)]
05:11:30: Routing pad 'D49:1' at (290830000, 43200000) with pad 'D50:1' at (309880000, 43200000) using coordinate system rotated by 0 degree(s)
05:11:30: Adding track segment (B.Cu): [(290830000, 43200000), (309880000, 43200000)]
05:11:30: Routing pad 'D50:1' at (309880000, 43200000) with pad 'D51:1' at (328930000, 43200000) using coordinate system rotated by 0 degree(s)
05:11:30: Adding track segment (B.Cu): [(309880000, 43200000), (328930000, 43200000)]
05:11:30: Routing ROW4 pads
05:11:30: Routing pad 'D65:1' at (16986250, 81300000) with pad 'D66:1' at (47942500, 81300000) using coordinate system rotated by 0 degree(s)
05:11:30: Adding track segment (B.Cu): [(16986250, 81300000), (47942500, 81300000)]
05:11:30: Routing pad 'D66:1' at (47942500, 81300000) with pad 'D67:1' at (66992500, 81300000) using coordinate system rotated by 0 degree(s)
05:11:30: Adding track segment (B.Cu): [(47942500, 81300000), (66992500, 81300000)]
05:11:30: Routing pad 'D67:1' at (66992500, 81300000) with pad 'D68:1' at (86042500, 81300000) using coordinate system rotated by 0 degree(s)
05:11:30: Adding track segment (B.Cu): [(66992500, 81300000), (86042500, 81300000)]
05:11:30: Routing pad 'D68:1' at (86042500, 81300000) with pad 'D69:1' at (105092500, 81300000) using coordinate system rotated by 0 degree(s)
05:11:30: Adding track segment (B.Cu): [(86042500, 81300000), (105092500, 81300000)]
05:11:30: Routing pad 'D69:1' at (105092500, 81300000) with pad 'D70:1' at (124142500, 81300000) using coordinate system rotated by 0 degree(s)
05:11:30: Adding track segment (B.Cu): [(105092500, 81300000), (124142500, 81300000)]
05:11:30: Routing pad 'D70:1' at (124142500, 81300000) with pad 'D71:1' at (143192500, 81300000) using coordinate system rotated by 0 degree(s)
05:11:30: Adding track segment (B.Cu): [(124142500, 81300000), (143192500, 81300000)]
05:11:30: Routing pad 'D71:1' at (143192500, 81300000) with pad 'D72:1' at (162242500, 81300000) using coordinate system rotated by 0 degree(s)
05:11:30: Adding track segment (B.Cu): [(143192500, 81300000), (162242500, 81300000)]
05:11:30: Routing pad 'D72:1' at (162242500, 81300000) with pad 'D73:1' at (181292500, 81300000) using coordinate system rotated by 0 degree(s)
05:11:30: Adding track segment (B.Cu): [(162242500, 81300000), (181292500, 81300000)]
05:11:30: Routing pad 'D73:1' at (181292500, 81300000) with pad 'D74:1' at (200342500, 81300000) using coordinate system rotated by 0 degree(s)
05:11:30: Adding track segment (B.Cu): [(181292500, 81300000), (200342500, 81300000)]
05:11:30: Routing pad 'D74:1' at (200342500, 81300000) with pad 'D75:1' at (219392500, 81300000) using coordinate system rotated by 0 degree(s)
05:11:30: Adding track segment (B.Cu): [(200342500, 81300000), (219392500, 81300000)]
05:11:30: Routing pad 'D75:1' at (219392500, 81300000) with pad 'D76:1' at (255111250, 81300000) using coordinate system rotated by 0 degree(s)
05:11:30: Adding track segment (B.Cu): [(219392500, 81300000), (255111250, 81300000)]
05:11:30: Routing pad 'D76:1' at (255111250, 81300000) with pad 'D77:1' at (313690000, 81300000) using coordinate system rotated by 0 degree(s)
05:11:30: Adding track segment (B.Cu): [(255111250, 81300000), (313690000, 81300000)]
05:11:30: Routing COL13 pads
05:11:30: Routing pad 'SW76:1' at (246221250, 73660000) with pad 'SW64:1' at (250983750, 54610000) using coordinate system rotated by 0 degree(s)
05:11:30: Adding track segment (F.Cu): [(246221250, 73660000), (250983750, 68897500)]
05:11:30: Adding track segment (F.Cu): [(250983750, 68897500), (250983750, 54610000)]
05:11:30: Routing pad 'SW48:1' at (258127500, 35560000) with pad 'SW31:1' at (253365000, 16510000) using coordinate system rotated by 0 degree(s)
05:11:30: Adding track segment (F.Cu): [(258127500, 35560000), (253365000, 30797500)]
05:11:30: Adding track segment (F.Cu): [(253365000, 30797500), (253365000, 16510000)]
05:11:30: Routing pad 'SW64:1' at (250983750, 54610000) with pad 'SW48:1' at (258127500, 35560000) using coordinate system rotated by 0 degree(s)
05:11:30: Adding track segment (F.Cu): [(250983750, 54610000), (258127500, 47466250)]
05:11:30: Adding track segment (F.Cu): [(258127500, 47466250), (258127500, 35560000)]
05:11:30: Routing pad 'SW76:1' at (246221250, 73660000) with pad 'SW85:1' at (260508750, 92710000) using coordinate system rotated by 0 degree(s)
05:11:30: Adding track segment (F.Cu): [(246221250, 73660000), (246221250, 78422500)]
05:11:30: Adding track segment (F.Cu): [(246221250, 78422500), (260508750, 92710000)]
05:11:30: Routing COL8 pads
05:11:30: Routing pad 'SW60:1' at (162877500, 54610000) with pad 'SW72:1' at (153352500, 73660000) using coordinate system rotated by 0 degree(s)
05:11:30: Adding track segment (F.Cu): [(162877500, 54610000), (162877500, 64135000)]
05:11:30: Adding track segment (F.Cu): [(162877500, 64135000), (153352500, 73660000)]
05:11:30: Routing pad 'SW26:1' at (148590000, 16510000) with pad 'SW9:1' at (158115000, -2540000) using coordinate system rotated by 0 degree(s)
05:11:30: Adding track segment (F.Cu): [(148590000, 16510000), (158115000, 6985000)]
05:11:30: Adding track segment (F.Cu): [(158115000, 6985000), (158115000, -2540000)]
05:11:30: Routing pad 'SW26:1' at (148590000, 16510000) with pad 'SW43:1' at (158115000, 35560000) using coordinate system rotated by 0 degree(s)
05:11:30: Adding track segment (F.Cu): [(148590000, 16510000), (148590000, 26035000)]
05:11:31: Adding track segment (F.Cu): [(148590000, 26035000), (158115000, 35560000)]
05:11:31: Routing pad 'SW43:1' at (158115000, 35560000) with pad 'SW60:1' at (162877500, 54610000) using coordinate system rotated by 0 degree(s)
05:11:31: Adding track segment (F.Cu): [(158115000, 35560000), (158115000, 49847500)]
05:11:31: Adding track segment (F.Cu): [(158115000, 49847500), (162877500, 54610000)]
05:11:31: Routing COL3 pads
05:11:31: Routing pad 'SW21:1' at (53340000, 16510000) with pad 'SW4:1' at (58102500, -2540000) using coordinate system rotated by 0 degree(s)
05:11:31: Adding track segment (F.Cu): [(53340000, 16510000), (58102500, 11747500)]
05:11:31: Adding track segment (F.Cu): [(58102500, 11747500), (58102500, -2540000)]
05:11:31: Routing pad 'SW55:1' at (67627500, 54610000) with pad 'SW67:1' at (58102500, 73660000) using coordinate system rotated by 0 degree(s)
05:11:31: Adding track segment (F.Cu): [(67627500, 54610000), (67627500, 64135000)]
05:11:31: Adding track segment (F.Cu): [(67627500, 64135000), (58102500, 73660000)]
05:11:31: Routing pad 'SW21:1' at (53340000, 16510000) with pad 'SW38:1' at (62865000, 35560000) using coordinate system rotated by 0 degree(s)
05:11:31: Adding track segment (F.Cu): [(53340000, 16510000), (53340000, 26035000)]
05:11:31: Adding track segment (F.Cu): [(53340000, 26035000), (62865000, 35560000)]
05:11:31: Routing pad 'SW38:1' at (62865000, 35560000) with pad 'SW55:1' at (67627500, 54610000) using coordinate system rotated by 0 degree(s)
05:11:31: Adding track segment (F.Cu): [(62865000, 35560000), (62865000, 49847500)]
05:11:31: Adding track segment (F.Cu): [(62865000, 49847500), (67627500, 54610000)]
05:11:31: Routing ROW0 pads
05:11:31: Routing pad 'D1:1' at (5080000, 5100000) with pad 'D2:1' at (28892500, 5100000) using coordinate system rotated by 0 degree(s)
05:11:31: Adding track segment (B.Cu): [(5080000, 5100000), (28892500, 5100000)]
05:11:31: Routing pad 'D2:1' at (28892500, 5100000) with pad 'D3:1' at (47942500, 5100000) using coordinate system rotated by 0 degree(s)
05:11:31: Adding track segment (B.Cu): [(28892500, 5100000), (47942500, 5100000)]
05:11:31: Routing pad 'D3:1' at (47942500, 5100000) with pad 'D4:1' at (66992500, 5100000) using coordinate system rotated by 0 degree(s)
05:11:31: Adding track segment (B.Cu): [(47942500, 5100000), (66992500, 5100000)]
05:11:31: Routing pad 'D4:1' at (66992500, 5100000) with pad 'D5:1' at (86042500, 5100000) using coordinate system rotated by 0 degree(s)
05:11:31: Adding track segment (B.Cu): [(66992500, 5100000), (86042500, 5100000)]
05:11:31: Routing pad 'D5:1' at (86042500, 5100000) with pad 'D6:1' at (109855000, 5100000) using coordinate system rotated by 0 degree(s)
05:11:31: Adding track segment (B.Cu): [(86042500, 5100000), (109855000, 5100000)]
05:11:31: Routing pad 'D6:1' at (109855000, 5100000) with pad 'D7:1' at (128905000, 5100000) using coordinate system rotated by 0 degree(s)
05:11:31: Adding track segment (B.Cu): [(109855000, 5100000), (128905000, 5100000)]
05:11:31: Routing pad 'D7:1' at (128905000, 5100000) with pad 'D8:1' at (147955000, 5100000) using coordinate system rotated by 0 degree(s)
05:11:31: Adding track segment (B.Cu): [(128905000, 5100000), (147955000, 5100000)]
05:11:31: Routing pad 'D8:1' at (147955000, 5100000) with pad 'D9:1' at (167005000, 5100000) using coordinate system rotated by 0 degree(s)
05:11:31: Adding track segment (B.Cu): [(147955000, 5100000), (167005000, 5100000)]
05:11:31: Routing pad 'D9:1' at (167005000, 5100000) with pad 'D10:1' at (190817500, 5100000) using coordinate system rotated by 0 degree(s)
05:11:31: Adding track segment (B.Cu): [(167005000, 5100000), (190817500, 5100000)]
05:11:31: Routing pad 'D10:1' at (190817500, 5100000) with pad 'D11:1' at (209867500, 5100000) using coordinate system rotated by 0 degree(s)
05:11:31: Adding track segment (B.Cu): [(190817500, 5100000), (209867500, 5100000)]
05:11:31: Routing pad 'D11:1' at (209867500, 5100000) with pad 'D12:1' at (228917500, 5100000) using coordinate system rotated by 0 degree(s)
05:11:31: Adding track segment (B.Cu): [(209867500, 5100000), (228917500, 5100000)]
05:11:31: Routing pad 'D12:1' at (228917500, 5100000) with pad 'D13:1' at (247967500, 5100000) using coordinate system rotated by 0 degree(s)
05:11:31: Adding track segment (B.Cu): [(228917500, 5100000), (247967500, 5100000)]
05:11:31: Routing pad 'D13:1' at (247967500, 5100000) with pad 'D14:1' at (271780000, 5100000) using coordinate system rotated by 0 degree(s)
05:11:31: Adding track segment (B.Cu): [(247967500, 5100000), (271780000, 5100000)]
05:11:31: Routing pad 'D14:1' at (271780000, 5100000) with pad 'D15:1' at (290830000, 5100000) using coordinate system rotated by 0 degree(s)
05:11:31: Adding track segment (B.Cu): [(271780000, 5100000), (290830000, 5100000)]
05:11:31: Routing pad 'D15:1' at (290830000, 5100000) with pad 'D16:1' at (309880000, 5100000) using coordinate system rotated by 0 degree(s)
05:11:31: Adding track segment (B.Cu): [(290830000, 5100000), (309880000, 5100000)]
05:11:31: Routing pad 'D16:1' at (309880000, 5100000) with pad 'D17:1' at (328930000, 5100000) using coordinate system rotated by 0 degree(s)
05:11:31: Adding track segment (B.Cu): [(309880000, 5100000), (328930000, 5100000)]
05:11:31: Routing COL6 pads
05:11:31: Routing pad 'SW58:1' at (124777500, 54610000) with pad 'SW70:1' at (115252500, 73660000) using coordinate system rotated by 0 degree(s)
05:11:31: Adding track segment (F.Cu): [(124777500, 54610000), (124777500, 64135000)]
05:11:31: Adding track segment (F.Cu): [(124777500, 64135000), (115252500, 73660000)]
05:11:31: Routing pad 'SW70:1' at (115252500, 73660000) with pad 'SW81:1' at (117633750, 92710000) using coordinate system rotated by 0 degree(s)
05:11:31: Adding track segment (F.Cu): [(115252500, 73660000), (115252500, 90328750)]
05:11:31: Adding track segment (F.Cu): [(115252500, 90328750), (117633750, 92710000)]
05:11:31: Routing pad 'SW24:1' at (110490000, 16510000) with pad 'SW7:1' at (120015000, -2540000) using coordinate system rotated by 0 degree(s)
05:11:31: Adding track segment (F.Cu): [(110490000, 16510000), (120015000, 6985000)]
05:11:31: Adding track segment (F.Cu): [(120015000, 6985000), (120015000, -2540000)]
05:11:31: Routing pad 'SW24:1' at (110490000, 16510000) with pad 'SW41:1' at (120015000, 35560000) using coordinate system rotated by 0 degree(s)
05:11:31: Adding track segment (F.Cu): [(110490000, 16510000), (110490000, 26035000)]
05:11:31: Adding track segment (F.Cu): [(110490000, 26035000), (120015000, 35560000)]
05:11:31: Routing pad 'SW41:1' at (120015000, 35560000) with pad 'SW58:1' at (124777500, 54610000) using coordinate system rotated by 0 degree(s)
05:11:31: Adding track segment (F.Cu): [(120015000, 35560000), (120015000, 49847500)]
05:11:31: Adding track segment (F.Cu): [(120015000, 49847500), (124777500, 54610000)]
05:11:31: Routing COL2 pads
05:11:31: Routing pad 'SW20:1' at (34290000, 16510000) with pad 'SW3:1' at (39052500, -2540000) using coordinate system rotated by 0 degree(s)
05:11:31: Adding track segment (F.Cu): [(34290000, 16510000), (39052500, 11747500)]
05:11:31: Adding track segment (F.Cu): [(39052500, 11747500), (39052500, -2540000)]
05:11:31: Routing pad 'SW54:1' at (48577500, 54610000) with pad 'SW66:1' at (39052500, 73660000) using coordinate system rotated by 0 degree(s)
05:11:31: Adding track segment (F.Cu): [(48577500, 54610000), (48577500, 64135000)]
05:11:31: Adding track segment (F.Cu): [(48577500, 64135000), (39052500, 73660000)]
05:11:31: Routing pad 'SW20:1' at (34290000, 16510000) with pad 'SW37:1' at (43815000, 35560000) using coordinate system rotated by 0 degree(s)
05:11:31: Adding track segment (F.Cu): [(34290000, 16510000), (34290000, 26035000)]
05:11:31: Adding track segment (F.Cu): [(34290000, 26035000), (43815000, 35560000)]
05:11:31: Routing pad 'SW66:1' at (39052500, 73660000) with pad 'SW80:1' at (46196250, 92710000) using coordinate system rotated by 0 degree(s)
05:11:31: Adding track segment (F.Cu): [(39052500, 73660000), (39052500, 85566250)]
05:11:31: Adding track segment (F.Cu): [(39052500, 85566250), (46196250, 92710000)]
05:11:31: Routing pad 'SW37:1' at (43815000, 35560000) with pad 'SW54:1' at (48577500, 54610000) using coordinate system rotated by 0 degree(s)
05:11:31: Adding track segment (F.Cu): [(43815000, 35560000), (43815000, 49847500)]
05:11:31: Adding track segment (F.Cu): [(43815000, 49847500), (48577500, 54610000)]
05:11:31: Routing ROW1 pads
05:11:31: Routing pad 'D18:1' at (5080000, 24150000) with pad 'D19:1' at (24130000, 24150000) using coordinate system rotated by 0 degree(s)
05:11:31: Adding track segment (B.Cu): [(5080000, 24150000), (24130000, 24150000)]
05:11:31: Routing pad 'D19:1' at (24130000, 24150000) with pad 'D20:1' at (43180000, 24150000) using coordinate system rotated by 0 degree(s)
05:11:31: Adding track segment (B.Cu): [(24130000, 24150000), (43180000, 24150000)]
05:11:31: Routing pad 'D20:1' at (43180000, 24150000) with pad 'D21:1' at (62230000, 24150000) using coordinate system rotated by 0 degree(s)
05:11:31: Adding track segment (B.Cu): [(43180000, 24150000), (62230000, 24150000)]
05:11:31: Routing pad 'D21:1' at (62230000, 24150000) with pad 'D22:1' at (81280000, 24150000) using coordinate system rotated by 0 degree(s)
05:11:31: Adding track segment (B.Cu): [(62230000, 24150000), (81280000, 24150000)]
05:11:31: Routing pad 'D22:1' at (81280000, 24150000) with pad 'D23:1' at (100330000, 24150000) using coordinate system rotated by 0 degree(s)
05:11:31: Adding track segment (B.Cu): [(81280000, 24150000), (100330000, 24150000)]
05:11:31: Routing pad 'D23:1' at (100330000, 24150000) with pad 'D24:1' at (119380000, 24150000) using coordinate system rotated by 0 degree(s)
05:11:31: Adding track segment (B.Cu): [(100330000, 24150000), (119380000, 24150000)]
05:11:31: Routing pad 'D24:1' at (119380000, 24150000) with pad 'D25:1' at (138430000, 24150000) using coordinate system rotated by 0 degree(s)
05:11:31: Adding track segment (B.Cu): [(119380000, 24150000), (138430000, 24150000)]
05:11:31: Routing pad 'D25:1' at (138430000, 24150000) with pad 'D26:1' at (157480000, 24150000) using coordinate system rotated by 0 degree(s)
05:11:31: Adding track segment (B.Cu): [(138430000, 24150000), (157480000, 24150000)]
05:11:31: Routing pad 'D26:1' at (157480000, 24150000) with pad 'D27:1' at (176530000, 24150000) using coordinate system rotated by 0 degree(s)
05:11:31: Adding track segment (B.Cu): [(157480000, 24150000), (176530000, 24150000)]
05:11:31: Routing pad 'D27:1' at (176530000, 24150000) with pad 'D28:1' at (195580000, 24150000) using coordinate system rotated by 0 degree(s)
05:11:31: Adding track segment (B.Cu): [(176530000, 24150000), (195580000, 24150000)]
05:11:31: Routing pad 'D28:1' at (195580000, 24150000) with pad 'D29:1' at (214630000, 24150000) using coordinate system rotated by 0 degree(s)
05:11:31: Adding track segment (B.Cu): [(195580000, 24150000), (214630000, 24150000)]
05:11:31: Routing pad 'D29:1' at (214630000, 24150000) with pad 'D30:1' at (233680000, 24150000) using coordinate system rotated by 0 degree(s)
05:11:31: Adding track segment (B.Cu): [(214630000, 24150000), (233680000, 24150000)]
05:11:31: Routing pad 'D30:1' at (233680000, 24150000) with pad 'D31:1' at (262255000, 24150000) using coordinate system rotated by 0 degree(s)
05:11:31: Adding track segment (B.Cu): [(233680000, 24150000), (262255000, 24150000)]
05:11:31: Routing pad 'D31:1' at (262255000, 24150000) with pad 'D32:1' at (290830000, 24150000) using coordinate system rotated by 0 degree(s)
05:11:31: Adding track segment (B.Cu): [(262255000, 24150000), (290830000, 24150000)]
05:11:31: Routing pad 'D32:1' at (290830000, 24150000) with pad 'D33:1' at (309880000, 24150000) using coordinate system rotated by 0 degree(s)
05:11:31: Adding track segment (B.Cu): [(290830000, 24150000), (309880000, 24150000)]
05:11:31: Routing pad 'D33:1' at (309880000, 24150000) with pad 'D34:1' at (328930000, 24150000) using coordinate system rotated by 0 degree(s)
05:11:31: Adding track segment (B.Cu): [(309880000, 24150000), (328930000, 24150000)]
05:11:31: Routing COL9 pads
05:11:31: Routing pad 'SW61:1' at (181927500, 54610000) with pad 'SW73:1' at (172402500, 73660000) using coordinate system rotated by 0 degree(s)
05:11:31: Adding track segment (F.Cu): [(181927500, 54610000), (181927500, 64135000)]
05:11:31: Adding track segment (F.Cu): [(181927500, 64135000), (172402500, 73660000)]
05:11:31: Routing pad 'SW27:1' at (167640000, 16510000) with pad 'SW44:1' at (177165000, 35560000) using coordinate system rotated by 0 degree(s)
05:11:31: Adding track segment (F.Cu): [(167640000, 16510000), (167640000, 26035000)]
05:11:31: Adding track segment (F.Cu): [(167640000, 26035000), (177165000, 35560000)]
05:11:31: Routing pad 'SW27:1' at (167640000, 16510000) with pad 'SW10:1' at (181927500, -2540000) using coordinate system rotated by 0 degree(s)
05:11:31: Adding track segment (F.Cu): [(167640000, 16510000), (181927500, 2222500)]
05:11:31: Adding track segment (F.Cu): [(181927500, 2222500), (181927500, -2540000)]
05:11:31: Routing pad 'SW44:1' at (177165000, 35560000) with pad 'SW61:1' at (181927500, 54610000) using coordinate system rotated by 0 degree(s)
05:11:31: Adding track segment (F.Cu): [(177165000, 35560000), (177165000, 49847500)]
05:11:31: Adding track segment (F.Cu): [(177165000, 49847500), (181927500, 54610000)]
05:11:31: Routing COL10 pads
05:11:31: Routing pad 'SW74:1' at (191452500, 73660000) with pad 'SW82:1' at (189071250, 92710000) using coordinate system rotated by 0 degree(s)
05:11:31: Adding track segment (F.Cu): [(191452500, 73660000), (191452500, 90328750)]
05:11:31: Adding track segment (F.Cu): [(191452500, 90328750), (189071250, 92710000)]
05:11:31: Routing pad 'SW62:1' at (200977500, 54610000) with pad 'SW74:1' at (191452500, 73660000) using coordinate system rotated by 0 degree(s)
05:11:31: Adding track segment (F.Cu): [(200977500, 54610000), (200977500, 64135000)]
05:11:31: Adding track segment (F.Cu): [(200977500, 64135000), (191452500, 73660000)]
05:11:31: Routing pad 'SW28:1' at (186690000, 16510000) with pad 'SW45:1' at (196215000, 35560000) using coordinate system rotated by 0 degree(s)
05:11:31: Adding track segment (F.Cu): [(186690000, 16510000), (186690000, 26035000)]
05:11:31: Adding track segment (F.Cu): [(186690000, 26035000), (196215000, 35560000)]
05:11:31: Routing pad 'SW28:1' at (186690000, 16510000) with pad 'SW11:1' at (200977500, -2540000) using coordinate system rotated by 0 degree(s)
05:11:31: Adding track segment (F.Cu): [(186690000, 16510000), (200977500, 2222500)]
05:11:31: Adding track segment (F.Cu): [(200977500, 2222500), (200977500, -2540000)]
05:11:32: Routing pad 'SW45:1' at (196215000, 35560000) with pad 'SW62:1' at (200977500, 54610000) using coordinate system rotated by 0 degree(s)
05:11:32: Adding track segment (F.Cu): [(196215000, 35560000), (196215000, 49847500)]
05:11:32: Adding track segment (F.Cu): [(196215000, 49847500), (200977500, 54610000)]
05:11:32: Routing COL16 pads
05:11:32: Routing pad 'SW16:1' at (300990000, -2540000) with pad 'SW33:1' at (300990000, 16510000) using coordinate system rotated by 0 degree(s)
05:11:32: Adding track segment (F.Cu): [(300990000, -2540000), (300990000, 16510000)]
05:11:32: Routing pad 'SW33:1' at (300990000, 16510000) with pad 'SW50:1' at (300990000, 35560000) using coordinate system rotated by 0 degree(s)
05:11:32: Adding track segment (F.Cu): [(300990000, 16510000), (300990000, 35560000)]
05:11:32: Routing pad 'SW50:1' at (300990000, 35560000) with pad 'SW77:1' at (304800000, 73660000) using coordinate system rotated by 0 degree(s)
05:11:32: Adding track segment (F.Cu): [(300990000, 35560000), (300990000, 69850000)]
05:11:32: Adding track segment (F.Cu): [(300990000, 69850000), (304800000, 73660000)]
05:11:32: Routing pad 'SW77:1' at (304800000, 73660000) with pad 'SW87:1' at (304800000, 92710000) using coordinate system rotated by 0 degree(s)
05:11:32: Adding track segment (F.Cu): [(304800000, 73660000), (304800000, 92710000)]
05:11:32: Routing COL7 pads
05:11:32: Routing pad 'SW59:1' at (143827500, 54610000) with pad 'SW71:1' at (134302500, 73660000) using coordinate system rotated by 0 degree(s)
05:11:32: Adding track segment (F.Cu): [(143827500, 54610000), (143827500, 64135000)]
05:11:32: Adding track segment (F.Cu): [(143827500, 64135000), (134302500, 73660000)]
05:11:32: Routing pad 'SW25:1' at (129540000, 16510000) with pad 'SW8:1' at (139065000, -2540000) using coordinate system rotated by 0 degree(s)
05:11:32: Adding track segment (F.Cu): [(129540000, 16510000), (139065000, 6985000)]
05:11:32: Adding track segment (F.Cu): [(139065000, 6985000), (139065000, -2540000)]
05:11:32: Routing pad 'SW25:1' at (129540000, 16510000) with pad 'SW42:1' at (139065000, 35560000) using coordinate system rotated by 0 degree(s)
05:11:32: Adding track segment (F.Cu): [(129540000, 16510000), (129540000, 26035000)]
05:11:32: Adding track segment (F.Cu): [(129540000, 26035000), (139065000, 35560000)]
05:11:32: Routing pad 'SW42:1' at (139065000, 35560000) with pad 'SW59:1' at (143827500, 54610000) using coordinate system rotated by 0 degree(s)
05:11:32: Adding track segment (F.Cu): [(139065000, 35560000), (139065000, 49847500)]
05:11:32: Adding track segment (F.Cu): [(139065000, 49847500), (143827500, 54610000)]
05:11:32: Removing dangling tracks
